MPLINK 5.00, LINKER
Linker Map File - Created Mon Feb 13 13:40:30 2017

                                 Section Info
                  Section       Type    Address   Location Size(Bytes)
                ---------  ---------  ---------  ---------  ---------
               _entry_scn       code   0x000000    program   0x000006
               highVector       code   0x000008    program   0x000006
                lowVector       code   0x000018    program   0x000006
                   .cinit    romdata   0x00002a    program   0x00016a
              .code_TCP.o       code   0x000194    program   0x00361e
            .code_HTTP2.o       code   0x0037b2    program   0x001e36
    .code_CustomHTTPApp.o       code   0x0055e8    program   0x001b42
             .code_SMTP.o       code   0x00712a    program   0x001150
             .stringtable    romdata   0x00827a    program   0x001100
      .code_BerkeleyAPI.o       code   0x00937a    program   0x000e6a
            .code_MPFS2.o       code   0x00a1e4    program   0x000bd6
            .code_DHCPs.o       code   0x00adba    program   0x000bae
              .code_UDP.o       code   0x00b968    program   0x000b9a
          .code_Helpers.o       code   0x00c502    program   0x000b56
             .code_DHCP.o       code   0x00d058    program   0x00097c
           .code_Hashes.o       code   0x00d9d4    program   0x000862
         .code_ETH97J60.o       code   0x00e236    program   0x000842
              .code_DNS.o       code   0x00ea78    program   0x0006b8
           .code_AutoIP.o       code   0x00f130    program   0x000610
         .code_MainDemo.o       code   0x00f740    program   0x0005e2
                     PROG       code   0x00fd22    program   0x0005cc
           .code_Telnet.o       code   0x0102ee    program   0x000588
.code_TCPPerformanceTest.o       code   0x010876    program   0x000508
              .code_log.o       code   0x010d7e    program   0x0004fa
                   STDLIB       code   0x011278    program   0x0004ee
       .code_UARTConfig.o       code   0x011766    program   0x0004a0
              .code_ARP.o       code   0x011c06    program   0x00043c
                   STRING       code   0x012042    program   0x0003ae
   .code_Misc_Functions.o       code   0x0123f0    program   0x00039e
.code_BerkeleyUDPClientDemo.o       code   0x01278e    program   0x000388
         .code_SPIFlash.o       code   0x012b16    program   0x000380
             .code_ICMP.o       code   0x012e96    program   0x00037e
             .code_NBNS.o       code   0x013214    program   0x00037c
             .code_SNTP.o       code   0x013590    program   0x0002e0
   .code_UART2TCPBridge.o       code   0x013870    program   0x0002da
         .code_StackTsk.o       code   0x013b4a    program   0x00027a
               .code_IP.o       code   0x013dc4    program   0x000248
 .code_GenericTCPClient.o       code   0x01400c    program   0x0001f6
.code_BerkeleyTCPServerDemo.o       code   0x014202    program   0x0001ee
         .code_Announce.o       code   0x0143f0    program   0x0001de
.code_BerkeleyTCPClientDemo.o       code   0x0145ce    program   0x0001da
 .code_GenericTCPServer.o       code   0x0147a8    program   0x000162
        .romdata_Telnet.o    romdata   0x01490a    program   0x00015c
        .romdata_Hashes.o    romdata   0x014a66    program   0x000140
           .code_Reboot.o       code   0x014ba6    program   0x000126
            .code_frexp.o       code   0x014ccc    program   0x000124
       .code_Custom_I2C.o       code   0x014df0    program   0x00011e
         .code_UnpkMath.o       code   0x014f0e    program   0x00011c
         .code_PackMath.o       code   0x01502a    program   0x00011a
      .code_Custom_UART.o       code   0x015144    program   0x00011a
             .code_UART.o       code   0x01525e    program   0x000118
   .code_Custom_I2C_Low.o       code   0x015376    program   0x0000fe
         .code_SMTPDemo.o       code   0x015474    program   0x0000e6
         .code_PingDemo.o       code   0x01555a    program   0x0000e4
             .code_Tick.o       code   0x01563e    program   0x0000e0
   .code_Custom_SPI_Low.o       code   0x01571e    program   0x0000c2
  .code_Custom_UART_Low.o       code   0x0157e0    program   0x0000a8
               _cinit_scn       code   0x015888    program   0x00009e
         .romdata_HTTP2.o    romdata   0x015926    program   0x00007e
          .code_fxm3232.o       code   0x0159a4    program   0x000070
         .code_swgtci2c.o       code   0x015a14    program   0x00005c
         .code_fxd3232u.o       code   0x015a70    program   0x000048
       .code_Custom_SPI.o       code   0x015ab8    program   0x000040
           .romdata_TCP.o    romdata   0x015af8    program   0x000036
.romdata_GenericTCPClient.o    romdata   0x015b2e    program   0x000033
.romdata_UART2TCPBridge.o    romdata   0x015b61    program   0x000000
     .idata_SPIEEPROM.o_i    romdata   0x015b61    program   0x000000
     .romdata_SPIEEPROM.o    romdata   0x015b61    program   0x000000
.romdata_Custom_UART_Low.o    romdata   0x015b61    program   0x000000
      .romdata_fxd3232u.o    romdata   0x015b61    program   0x000000
      .idata_SPIFlash.o_i    romdata   0x015b61    program   0x000000
        .idata_SPIRAM.o_i    romdata   0x015b61    program   0x000000
        .romdata_SPIRAM.o    romdata   0x015b61    program   0x000000
           .romdata_UDP.o    romdata   0x015b61    program   0x000000
      .idata_fxd1616u.o_i    romdata   0x015b61    program   0x000000
    .romdata_ENCX24J600.o    romdata   0x015b61    program   0x000000
.romdata_Custom_SPI_Low.o    romdata   0x015b61    program   0x000000
          .romdata_Tick.o    romdata   0x015b61    program   0x000000
.romdata_TCPPerformanceTest.o    romdata   0x015b61    program   0x000000
      .idata_swckti2c.o_i    romdata   0x015b61    program   0x000000
        .romdata_DynDNS.o    romdata   0x015b61    program   0x000000
           .romdata_ARP.o    romdata   0x015b61    program   0x000000
      .romdata_swgtci2c.o    romdata   0x015b61    program   0x000000
          .idata_UART.o_i    romdata   0x015b61    program   0x000000
         .idata_TFTPc.o_i    romdata   0x015b61    program   0x000000
.romdata_BerkeleyTCPServerDemo.o    romdata   0x015b61    program   0x000000
       .romdata_Helpers.o    romdata   0x015b61    program   0x000000
         .romdata_c018i.o    romdata   0x015b61    program   0x000000
         .romdata_DHCPs.o    romdata   0x015b61    program   0x000000
         .romdata_frexp.o    romdata   0x015b61    program   0x000000
            .romdata_IP.o    romdata   0x015b61    program   0x000000
      .romdata_PingDemo.o    romdata   0x015b61    program   0x000000
         .idata_errno.o_i    romdata   0x015b61    program   0x000000
      .romdata_UnpkMath.o    romdata   0x015b61    program   0x000000
         .romdata_MPFS2.o    romdata   0x015b61    program   0x000000
 .romdata_CustomSNMPApp.o    romdata   0x015b61    program   0x000000
           .romdata_log.o    romdata   0x015b61    program   0x000000
          .romdata_NBNS.o    romdata   0x015b61    program   0x000000
           .romdata_FTP.o    romdata   0x015b61    program   0x000000
        .idata_Reboot.o_i    romdata   0x015b61    program   0x000001
          .romdata_DNSs.o    romdata   0x015b61    program   0x000000
.romdata_Custom_I2C_Low.o    romdata   0x015b61    program   0x000000
        .romdata_AutoIP.o    romdata   0x015b61    program   0x000000
          .romdata_SMTP.o    romdata   0x015b61    program   0x000000
        .idata___init.o_i    romdata   0x015b61    program   0x000000
          .idata_SNMP.o_i    romdata   0x015b61    program   0x000000
          .romdata_SNMP.o    romdata   0x015b61    program   0x000000
.idata_UDPPerformanceTest.o_i    romdata   0x015b61    program   0x000000
       .idata_fxm3232.o_i    romdata   0x015b61    program   0x000000
         .code_fxd1616u.o       code   0x015b62    program   0x00002c
                    .code       code   0x015b8e    program   0x00002c
              D1KTCYXCODE       code   0x015bba    program   0x000020
             _startup_scn       code   0x015bda    program   0x00001c
              D10TCYXCODE       code   0x015bf6    program   0x000016
         .code_swckti2c.o       code   0x015c0c    program   0x000010
.romdata_BerkeleyTCPClientDemo.o    romdata   0x015c1c    program   0x00000f
      .romdata_MainDemo.o    romdata   0x015c2b    program   0x000006
 .romdata_CustomHTTPApp.o    romdata   0x015c31    program   0x000006
         .idata_c018i.o_i    romdata   0x015c37    program   0x000000
.romdata_BerkeleyUDPClientDemo.o    romdata   0x015c37    program   0x000000
      .romdata_PackMath.o    romdata   0x015c37    program   0x000000
          .romdata_DHCP.o    romdata   0x015c37    program   0x000000
         .idata_frexp.o_i    romdata   0x015c37    program   0x000000
.romdata_GenericTCPServer.o    romdata   0x015c37    program   0x000000
         .romdata_errno.o    romdata   0x015c37    program   0x000000
         .romdata_Delay.o    romdata   0x015c37    program   0x000000
      .romdata_SMTPDemo.o    romdata   0x015c37    program   0x000000
    .idata_UARTConfig.o_i    romdata   0x015c37    program   0x000000
    .romdata_UARTConfig.o    romdata   0x015c37    program   0x000000
   .romdata_BerkeleyAPI.o    romdata   0x015c37    program   0x000000
      .idata_UnpkMath.o_i    romdata   0x015c37    program   0x000000
    .romdata_Custom_I2C.o    romdata   0x015c37    program   0x000000
           .idata_log.o_i    romdata   0x015c37    program   0x000000
      .romdata_Announce.o    romdata   0x015c37    program   0x000000
        .romdata___init.o    romdata   0x015c37    program   0x000000
    .romdata_Custom_SPI.o    romdata   0x015c37    program   0x000000
       .romdata_fxm3232.o    romdata   0x015c37    program   0x000000
      .idata_fxd3232u.o_i    romdata   0x015c37    program   0x000000
      .romdata_fxd1616u.o    romdata   0x015c37    program   0x000000
      .romdata_swckti2c.o    romdata   0x015c37    program   0x000000
   .romdata_Custom_UART.o    romdata   0x015c37    program   0x000000
      .idata_swgtci2c.o_i    romdata   0x015c37    program   0x000000
.romdata_Misc_Functions.o    romdata   0x015c37    program   0x000000
.romdata_UDPPerformanceTest.o    romdata   0x015c37    program   0x000000
      .romdata_StackTsk.o    romdata   0x015c37    program   0x000000
          .romdata_ICMP.o    romdata   0x015c37    program   0x000000
      .romdata_SPIFlash.o    romdata   0x015c37    program   0x000000
          .romdata_UART.o    romdata   0x015c37    program   0x000000
          .romdata_SNTP.o    romdata   0x015c37    program   0x000000
         .romdata_TFTPc.o    romdata   0x015c37    program   0x000000
   .romdata_LCDBlocking.o    romdata   0x015c37    program   0x000000
      .romdata_ENC28J60.o    romdata   0x015c37    program   0x000000
      .romdata_ETH97J60.o    romdata   0x015c37    program   0x000000
        .idata_Telnet.o_i    romdata   0x015c37    program   0x000001
        .romdata_Reboot.o    romdata   0x015c37    program   0x000000
           .romdata_DNS.o    romdata   0x015c37    program   0x000000
           .code___init.o       code   0x015c38    program   0x000002
           .idata_UDP.o_i    romdata   0x015c3a    program   0x000002
.idata_UART2TCPBridge.o_i    romdata   0x015c3c    program   0x00000a
          .idata_Tick.o_i    romdata   0x015c46    program   0x000004
.idata_TCPPerformanceTest.o_i    romdata   0x015c4a    program   0x000002
           .idata_TCP.o_i    romdata   0x015c4c    program   0x000002
      .idata_StackTsk.o_i    romdata   0x015c4e    program   0x000002
          .idata_SNTP.o_i    romdata   0x015c50    program   0x00000a
      .idata_SMTPDemo.o_i    romdata   0x015c5a    program   0x000048
          .idata_SMTP.o_i    romdata   0x015ca2    program   0x000003
      .idata_PingDemo.o_i    romdata   0x015ca5    program   0x000001
          .idata_NBNS.o_i    romdata   0x015ca6    program   0x000001
      .idata_PackMath.o_i    romdata   0x015ca6    program   0x000000
.idata_Misc_Functions.o_i    romdata   0x015ca7    program   0x000000
      .idata_MainDemo.o_i    romdata   0x015ca7    program   0x00000a
         .idata_MPFS2.o_i    romdata   0x015cb1    program   0x000000
   .idata_LCDBlocking.o_i    romdata   0x015cb1    program   0x000000
            .idata_IP.o_i    romdata   0x015cb1    program   0x000002
          .idata_ICMP.o_i    romdata   0x015cb3    program   0x000001
       .idata_Helpers.o_i    romdata   0x015cb4    program   0x000004
        .idata_Hashes.o_i    romdata   0x015cb8    program   0x000000
         .idata_HTTP2.o_i    romdata   0x015cb8    program   0x000000
.idata_GenericTCPServer.o_i    romdata   0x015cb8    program   0x000001
.idata_GenericTCPClient.o_i    romdata   0x015cb9    program   0x000013
           .idata_DNS.o_i    romdata   0x015ccc    program   0x000003
        .idata_DynDNS.o_i    romdata   0x015ccc    program   0x000000
      .idata_ENC28J60.o_i    romdata   0x015ccc    program   0x000000
           .idata_FTP.o_i    romdata   0x015ccc    program   0x000000
         .idata_Delay.o_i    romdata   0x015ccc    program   0x000000
          .idata_DNSs.o_i    romdata   0x015ccc    program   0x000000
      .idata_ETH97J60.o_i    romdata   0x015ccc    program   0x000000
    .idata_ENCX24J600.o_i    romdata   0x015ccc    program   0x000000
         .idata_DHCPs.o_i    romdata   0x015ccf    program   0x000008
          .idata_DHCP.o_i    romdata   0x015cd7    program   0x000001
.idata_Custom_I2C_Low.o_i    romdata   0x015cd8    program   0x000001
.idata_Custom_UART_Low.o_i    romdata   0x015cd8    program   0x000000
   .idata_Custom_UART.o_i    romdata   0x015cd8    program   0x000000
.idata_Custom_SPI_Low.o_i    romdata   0x015cd8    program   0x000000
    .idata_Custom_SPI.o_i    romdata   0x015cd8    program   0x000000
    .idata_Custom_I2C.o_i    romdata   0x015cd9    program   0x000000
 .idata_CustomSNMPApp.o_i    romdata   0x015cd9    program   0x000000
 .idata_CustomHTTPApp.o_i    romdata   0x015cd9    program   0x00001a
.idata_BerkeleyUDPClientDemo.o_i    romdata   0x015cf3    program   0x000009
.idata_BerkeleyTCPServerDemo.o_i    romdata   0x015cfc    program   0x000001
.idata_BerkeleyTCPClientDemo.o_i    romdata   0x015cfd    program   0x00006e
   .idata_BerkeleyAPI.o_i    romdata   0x015d6b    program   0x000002
        .idata_AutoIP.o_i    romdata   0x015d6d    program   0x000000
      .idata_Announce.o_i    romdata   0x015d6d    program   0x000001
           .idata_ARP.o_i    romdata   0x015d6e    program   0x000001
            .code_c018i.o       code   0x015d70    program   0x000000
           .code_DynDNS.o       code   0x015d70    program   0x000000
            .code_errno.o       code   0x015d70    program   0x000000
      .code_LCDBlocking.o       code   0x015d70    program   0x000000
            .code_Delay.o       code   0x015d70    program   0x000000
              .code_FTP.o       code   0x015d70    program   0x000000
            .code_TFTPc.o       code   0x015d70    program   0x000000
.code_UDPPerformanceTest.o       code   0x015d70    program   0x000000
             .code_DNSs.o       code   0x015d70    program   0x000000
         .code_ENC28J60.o       code   0x015d70    program   0x000000
    .code_CustomSNMPApp.o       code   0x015d70    program   0x000000
             .code_SNMP.o       code   0x015d70    program   0x000000
           .code_SPIRAM.o       code   0x015d70    program   0x000000
       .code_ENCX24J600.o       code   0x015d70    program   0x000000
        .code_SPIEEPROM.o       code   0x015d70    program   0x000000
 .config_1fff8_MainDemo.o    romdata   0x01fff8    program   0x000001
 .config_1fffa_MainDemo.o    romdata   0x01fffa    program   0x000001
 .config_1fffd_MainDemo.o    romdata   0x01fffd    program   0x000001
                 .tmpdata      udata   0x000000       data   0x000020
                MATH_DATA      udata   0x000020       data   0x000014
                DELAYDAT1      udata   0x000034       data   0x000001
           .udata_MPFS2.o      udata   0x000060       data   0x00009a
          .udata_Telnet.o      udata   0x0000fa       data   0x000006
                 TCB_uRAM      udata   0x000100       data   0x0000fc
            .udata_SNTP.o      udata   0x0001fc       data   0x000004
             .udata_UDP.o      udata   0x000200       data   0x0000f6
           .udata_c018i.o      udata   0x0002f6       data   0x00000a
             .udata_TCP.o      udata   0x000300       data   0x0000cf
            .udata_DHCP.o      udata   0x0003cf       data   0x000031
   HTTP_CONNECTION_STATES      udata   0x000400       data   0x000084
           .udata_DHCPs.o      udata   0x000484       data   0x000077
            .udata_NBNS.o      udata   0x0004fb       data   0x000005
.idata_BerkeleyTCPClientDemo.o      idata   0x000500       data   0x00006e
          .udata_Hashes.o      udata   0x00056e       data   0x00006a
             .udata_ARP.o      udata   0x0005d8       data   0x000027
.udata_GenericTCPServer.o      udata   0x0005ff       data   0x000001
  .udata_UART2TCPBridge.o      udata   0x000600       data   0x000053
                 BSD_uRAM      udata   0x000653       data   0x00004b
         .udata_Helpers.o      udata   0x00069e       data   0x00004a
.idata_GenericTCPClient.o      idata   0x0006e8       data   0x000013
 .udata_Custom_UART_Low.o      udata   0x0006fb       data   0x000005
        .idata_SMTPDemo.o      idata   0x000700       data   0x000048
     .udata_BerkeleyAPI.o      udata   0x000748       data   0x000046
        .udata_MainDemo.o      udata   0x00078e       data   0x000043
             .udata_DNS.o      udata   0x0007d1       data   0x000026
  .udata_Custom_SPI_Low.o      udata   0x0007f7       data   0x000009
       SYN_QUEUE_RAM_SECT      udata   0x000800       data   0x00003c
          .udata_AutoIP.o      udata   0x00083c       data   0x00003c
        .udata_SPIFlash.o      udata   0x000878       data   0x000037
        .udata_ETH97J60.o      udata   0x0008af       data   0x000034
   .idata_CustomHTTPApp.o      idata   0x0008e3       data   0x00001a
            .idata_SMTP.o      idata   0x0008fd       data   0x000003
           .udata_HTTP2.o      udata   0x000900       data   0x000021
.udata_TCPPerformanceTest.o      udata   0x000921       data   0x000020
            .udata_ICMP.o      udata   0x000941       data   0x00001e
.udata_BerkeleyUDPClientDemo.o      udata   0x00095f       data   0x000019
              .udata_IP.o      udata   0x000978       data   0x000012
.udata_BerkeleyTCPClientDemo.o      udata   0x00098a       data   0x000011
      .udata_Custom_I2C.o      udata   0x00099b       data   0x00000d
            .udata_UART.o      udata   0x0009a8       data   0x00000c
     .udata_Custom_UART.o      udata   0x0009b4       data   0x00000c
            .udata_Tick.o      udata   0x0009c0       data   0x00000a
  .idata_UART2TCPBridge.o      idata   0x0009ca       data   0x00000a
            .idata_SNTP.o      idata   0x0009d4       data   0x00000a
        .idata_MainDemo.o      idata   0x0009de       data   0x00000a
           .idata_DHCPs.o      idata   0x0009e8       data   0x000008
  .udata_Misc_Functions.o      udata   0x0009f0       data   0x000007
      .udata_Custom_SPI.o      udata   0x0009f7       data   0x000005
        .udata_SMTPDemo.o      udata   0x0009fc       data   0x000004
              UART_BUFFER      udata   0x000a00       data   0x000100
        .udata_PingDemo.o      udata   0x000b00       data   0x000004
.udata_GenericTCPClient.o      udata   0x000b04       data   0x000004
.udata_BerkeleyTCPServerDemo.o      udata   0x000b08       data   0x000004
            .idata_Tick.o      idata   0x000b0c       data   0x000004
         .idata_Helpers.o      idata   0x000b10       data   0x000004
             .idata_DNS.o      idata   0x000b14       data   0x000003
              temp_tblptr      udata   0x000b17       data   0x000002
        .udata_swgtci2c.o      udata   0x000b19       data   0x000002
           .udata_errno.o      udata   0x000b1b       data   0x000002
             .idata_UDP.o      idata   0x000b1d       data   0x000002
.idata_TCPPerformanceTest.o      idata   0x000b1f       data   0x000002
             .idata_TCP.o      idata   0x000b21       data   0x000002
        .idata_StackTsk.o      idata   0x000b23       data   0x000002
              .idata_IP.o      idata   0x000b25       data   0x000002
     .idata_BerkeleyAPI.o      idata   0x000b27       data   0x000002
  .udata_Custom_I2C_Low.o      udata   0x000b29       data   0x000001
        .udata_Announce.o      udata   0x000b2a       data   0x000001
          .idata_Telnet.o      idata   0x000b2b       data   0x000001
          .idata_Reboot.o      idata   0x000b2c       data   0x000001
        .idata_PingDemo.o      idata   0x000b2d       data   0x000001
            .idata_NBNS.o      idata   0x000b2e       data   0x000001
            .idata_ICMP.o      idata   0x000b2f       data   0x000001
.idata_GenericTCPServer.o      idata   0x000b30       data   0x000001
            .idata_DHCP.o      idata   0x000b31       data   0x000001
  .idata_Custom_I2C_Low.o      idata   0x000b32       data   0x000001
.idata_BerkeleyTCPServerDemo.o      idata   0x000b33       data   0x000001
        .idata_Announce.o      idata   0x000b34       data   0x000001
             .idata_ARP.o      idata   0x000b35       data   0x000001
           .udata_TFTPc.o      udata   0x000b36       data   0x000000
      .udata_UARTConfig.o      udata   0x000b36       data   0x000000
      .idata_UARTConfig.o      idata   0x000b36       data   0x000000
          .idata_AutoIP.o      idata   0x000b36       data   0x000000
      .idata_Custom_I2C.o      idata   0x000b36       data   0x000000
      .idata_Custom_SPI.o      idata   0x000b36       data   0x000000
            .udata_DNSs.o      udata   0x000b36       data   0x000000
           .idata_HTTP2.o      idata   0x000b36       data   0x000000
            .idata_DNSs.o      idata   0x000b36       data   0x000000
.udata_UDPPerformanceTest.o      udata   0x000b36       data   0x000000
.idata_UDPPerformanceTest.o      idata   0x000b36       data   0x000000
            .udata_SNMP.o      udata   0x000b36       data   0x000000
            .idata_SNMP.o      idata   0x000b36       data   0x000000
           .udata_Delay.o      udata   0x000b36       data   0x000000
           .idata_Delay.o      idata   0x000b36       data   0x000000
          .udata_Reboot.o      udata   0x000b36       data   0x000000
       .udata_SPIEEPROM.o      udata   0x000b36       data   0x000000
       .idata_SPIEEPROM.o      idata   0x000b36       data   0x000000
        .idata_SPIFlash.o      idata   0x000b36       data   0x000000
            .idata_UART.o      idata   0x000b36       data   0x000000
   .udata_CustomSNMPApp.o      udata   0x000b36       data   0x000000
   .idata_CustomSNMPApp.o      idata   0x000b36       data   0x000000
           .idata_MPFS2.o      idata   0x000b36       data   0x000000
          .udata_SPIRAM.o      udata   0x000b36       data   0x000000
     .idata_LCDBlocking.o      idata   0x000b36       data   0x000000
     .udata_LCDBlocking.o      udata   0x000b36       data   0x000000
          .idata_SPIRAM.o      idata   0x000b36       data   0x000000
           .idata_TFTPc.o      idata   0x000b36       data   0x000000
         .udata_fxm3232.o      udata   0x000b36       data   0x000000
          .idata_Hashes.o      idata   0x000b36       data   0x000000
        .udata_ENC28J60.o      udata   0x000b36       data   0x000000
             .idata_FTP.o      idata   0x000b36       data   0x000000
             .udata_FTP.o      udata   0x000b36       data   0x000000
         .idata_fxm3232.o      idata   0x000b36       data   0x000000
          .udata___init.o      udata   0x000b36       data   0x000000
          .idata___init.o      idata   0x000b36       data   0x000000
             .udata_log.o      udata   0x000b36       data   0x000000
             .idata_log.o      idata   0x000b36       data   0x000000
        .udata_UnpkMath.o      udata   0x000b36       data   0x000000
        .idata_UnpkMath.o      idata   0x000b36       data   0x000000
           .idata_errno.o      idata   0x000b36       data   0x000000
           .udata_frexp.o      udata   0x000b36       data   0x000000
           .idata_frexp.o      idata   0x000b36       data   0x000000
        .udata_PackMath.o      udata   0x000b36       data   0x000000
        .idata_PackMath.o      idata   0x000b36       data   0x000000
           .idata_c018i.o      idata   0x000b36       data   0x000000
        .idata_ETH97J60.o      idata   0x000b36       data   0x000000
        .idata_ENC28J60.o      idata   0x000b36       data   0x000000
      .idata_ENCX24J600.o      idata   0x000b36       data   0x000000
      .udata_ENCX24J600.o      udata   0x000b36       data   0x000000
  .idata_Custom_SPI_Low.o      idata   0x000b36       data   0x000000
     .idata_Custom_UART.o      idata   0x000b36       data   0x000000
 .idata_Custom_UART_Low.o      idata   0x000b36       data   0x000000
  .idata_Misc_Functions.o      idata   0x000b36       data   0x000000
        .idata_swgtci2c.o      idata   0x000b36       data   0x000000
        .udata_swckti2c.o      udata   0x000b36       data   0x000000
        .idata_swckti2c.o      idata   0x000b36       data   0x000000
        .idata_fxd3232u.o      idata   0x000b36       data   0x000000
        .udata_fxd1616u.o      udata   0x000b36       data   0x000000
          .udata_DynDNS.o      udata   0x000b36       data   0x000000
          .idata_DynDNS.o      idata   0x000b36       data   0x000000
        .idata_fxd1616u.o      idata   0x000b36       data   0x000000
        .udata_fxd3232u.o      udata   0x000b36       data   0x000000
            UDP.o:UDPTask     actrec   0x000c00       data   0x000005
         TCP.o:TCPProcess     actrec   0x000c00       data   0x000025
         DHCP.o:_DHCPSend     actrec   0x000c00       data   0x000005
  TCP.o:TCPAdjustFIFOSize     actrec   0x000c00       data   0x000006
            UDP.o:UDPInit     actrec   0x000c00       data   0x000001
            TCP.o:TCPTick     actrec   0x000c00       data   0x00000a
  TCP.o:TCPFindROMArrayEx     actrec   0x000c00       data   0x000031
         UART.o:getsUSART     actrec   0x000c00       data   0x000002
       TCP.o:TCPPeekArray     actrec   0x000c00       data   0x000006
   TCP.o:TCPGetTxFIFOFull     actrec   0x000c00       data   0x000004
TCPPerformanceTest.o:TCPTXPerformanceTask     actrec   0x000c00       data   0x000014
    UART.o:ReadStringUART     actrec   0x000c00       data   0x000002
TCPPerformanceTest.o:TCPRXPerformanceTask     actrec   0x000c00       data   0x000018
   DHCPs.o:DHCPServerTask     actrec   0x000c00       data   0x00002f
UART2TCPBridge.o:UART2TCPBridgeTask     actrec   0x000c00       data   0x00000f
          DHCP.o:DHCPInit     actrec   0x000c00       data   0x000001
      DHCP.o:_DHCPReceive     actrec   0x000c00       data   0x000009
 Announce.o:DiscoveryTask     actrec   0x000c00       data   0x000001
Custom_UART.o:UART_Read_Array     actrec   0x000c00       data   0x000002
Custom_UART.o:UART_Read_String     actrec   0x000c00       data   0x000002
Custom_UART.o:UART_Write_Array     actrec   0x000c00       data   0x000002
         ARP.o:ARPSendPkt     actrec   0x000c00       data   0x00001c
         ARP.o:ARPProcess     actrec   0x000c00       data   0x00001d
UARTConfig.o:DownloadMPFS     actrec   0x000c00       data   0x00008e
BerkeleyAPI.o:BerkeleySocketInit     actrec   0x000c00       data   0x000004
GenericTCPServer.o:GenericTCPServer     actrec   0x000c00       data   0x00002b
GenericTCPClient.o:GenericTCPClient     actrec   0x000c00       data   0x00000c
BerkeleyUDPClientDemo.o:BerkeleySNTPGetUTCSeconds     actrec   0x000c00       data   0x000008
BerkeleyUDPClientDemo.o:BerkeleyUDPClientDemo     actrec   0x000c00       data   0x000034
BerkeleyTCPServerDemo.o:BerkeleyTCPServerDemo     actrec   0x000c00       data   0x000035
BerkeleyTCPClientDemo.o:BerkeleyTCPClientDemo     actrec   0x000c00       data   0x00000d
 MainDemo.o:InitAppConfig     actrec   0x000c00       data   0x000007
     MainDemo.o:ProcessIO     actrec   0x000c00       data   0x000001
MainDemo.o:DisplayIPValue     actrec   0x000c00       data   0x000005
BerkeleyAPI.o:gethostname     actrec   0x000c00       data   0x000005
CustomHTTPApp.o:HTTPPrint_config_mac     actrec   0x000c00       data   0x000001
CustomHTTPApp.o:HTTPPrintIP     actrec   0x000c00       data   0x000005
CustomHTTPApp.o:HTTPPrint_uploadedmd5     actrec   0x000c00       data   0x000001
CustomHTTPApp.o:HTTPPrint_cookiename     actrec   0x000c00       data   0x000002
CustomHTTPApp.o:HTTPPrint_hellomsg     actrec   0x000c00       data   0x000002
CustomHTTPApp.o:HTTPPrint_lcdtext     actrec   0x000c00       data   0x000002
CustomHTTPApp.o:HTTPPrint_UART_Output     actrec   0x000c00       data   0x000082
CustomHTTPApp.o:HTTPPrint_pot     actrec   0x000c00       data   0x00000a
CustomHTTPApp.o:HTTPPrint_temp     actrec   0x000c00       data   0x000014
CustomHTTPApp.o:HTTPPostEmail     actrec   0x000c00       data   0x00000c
CustomHTTPApp.o:HTTPPostConfig     actrec   0x000c00       data   0x000039
CustomHTTPApp.o:HTTPExecuteGet     actrec   0x000c00       data   0x000044
         UDP.o:UDPProcess     actrec   0x000c00       data   0x000019
 SNTP.o:SNTPGetUTCSeconds     actrec   0x000c00       data   0x000008
        SNTP.o:SNTPClient     actrec   0x000c00       data   0x000032
SMTP.o:FindROMEmailAddress     actrec   0x000c00       data   0x000005
  SMTP.o:FindEmailAddress     actrec   0x000c00       data   0x000004
   SMTP.o:SMTPPutROMArray     actrec   0x000c00       data   0x000002
      SMTP.o:SMTPPutArray     actrec   0x000c00       data   0x000002
      Reboot.o:RebootTask     actrec   0x000c00       data   0x00000e
          NBNS.o:NBNSTask     actrec   0x000c00       data   0x000021
         MPFS2.o:MPFSOpen     actrec   0x000c00       data   0x000018
         MPFS2.o:MPFSInit     actrec   0x000c00       data   0x000001
         IP.o:IPGetHeader     actrec   0x000c00       data   0x000016
      ICMP.o:ICMPGetReply     actrec   0x000c00       data   0x00000a
       ICMP.o:ICMPProcess     actrec   0x000c00       data   0x000004
      HTTP2.o:HTTPIncFile     actrec   0x000c00       data   0x000045
     HTTP2.o:HTTPSendFile     actrec   0x000c00       data   0x000045
     HTTP2.o:HTTPLoadConn     actrec   0x000c00       data   0x000002
         HTTP2.o:HTTPInit     actrec   0x000c00       data   0x000002
      Helpers.o:strncpy_m     actrec   0x000c00       data   0x000008
        Helpers.o:strnchr     actrec   0x000c00       data   0x000001
 Helpers.o:stricmppgm2ram     actrec   0x000c00       data   0x000002
   Helpers.o:Base64Encode     actrec   0x000c00       data   0x000008
   Helpers.o:Base64Decode     actrec   0x000c00       data   0x000004
  ETH97J60.o:MACGetHeader     actrec   0x000c00       data   0x000014
    ETH97J60.o:ReadPHYReg     actrec   0x000c00       data   0x000002
   ETH97J60.o:WritePHYReg     actrec   0x000c00       data   0x000001
    Hashes.o:MD5HashBlock     actrec   0x000c00       data   0x00001a
Helpers.o:GenerateRandomDWORD     actrec   0x000c00       data   0x000014
       ETH97J60.o:MACInit     actrec   0x000c01       data   0x000001
    Announce.o:AnnounceIP     actrec   0x000c02       data   0x000002
     AutoIP.o:AutoIPTasks     actrec   0x000c02       data   0x000001
            TCP.o:TCPPeek     actrec   0x000c06       data   0x000001
          SMTP.o:SMTPTask     actrec   0x000c08       data   0x000007
          DHCP.o:DHCPTask     actrec   0x000c09       data   0x000001
      PingDemo.o:PingDemo     actrec   0x000c0a       data   0x000004
     SMTP.o:SMTPPutString     actrec   0x000c0c       data   0x000002
  SMTP.o:SMTPPutROMString     actrec   0x000c0c       data   0x000002
          Helpers.o:uitoa     actrec   0x000c0c       data   0x000006
    BerkeleyAPI.o:connect     actrec   0x000c0d       data   0x00000c
             TCP.o:TCPPut     actrec   0x000c0f       data   0x000002
            TCP.o:TCPInit     actrec   0x000c14       data   0x00000b
ETH97J60.o:MACCalcRxChecksum     actrec   0x000c16       data   0x000004
      TCP.o:TCPRAMCopyROM     actrec   0x000c18       data   0x000012
 UDP.o:FindMatchingSocket     actrec   0x000c19       data   0x000004
      Hashes.o:MD5AddData     actrec   0x000c1a       data   0x000002
   Hashes.o:MD5AddROMData     actrec   0x000c1a       data   0x000002
    Hashes.o:MD5Calculate     actrec   0x000c1a       data   0x000015
   Helpers.o:LFSRSeedRand     actrec   0x000c1f       data   0x000005
       NBNS.o:NBNSGetName     actrec   0x000c21       data   0x000003
       NBNS.o:NBNSPutName     actrec   0x000c21       data   0x000002
 TCP.o:FindMatchingSocket     actrec   0x000c25       data   0x000006
       TCP.o:HandleTCPSeg     actrec   0x000c25       data   0x00001c
     TCP.o:TCPPutROMArray     actrec   0x000c2a       data   0x000006
   DHCPs.o:DHCPServerInit     actrec   0x000c2f       data   0x000002
DHCPs.o:DHCPReplyToRequest     actrec   0x000c2f       data   0x000012
 DHCPs.o:renew_dhcps_Pool     actrec   0x000c2f       data   0x000006
   DHCPs.o:isIpAddrInPool     actrec   0x000c2f       data   0x000002
DHCPs.o:preAssign_ToDHCPClient_FromPool     actrec   0x000c2f       data   0x000006
Helpers.o:leftRotateDWORD     actrec   0x000c2f       data   0x000002
HTTP2.o:HTTPHeaderParseAuthorization     actrec   0x000c31       data   0x00002c
CustomHTTPApp.o:HTTPPostMD5     actrec   0x000c31       data   0x000004
HTTP2.o:HTTPHeaderParseCookie     actrec   0x000c31       data   0x000004
   HTTP2.o:HTTPMPFSUpload     actrec   0x000c31       data   0x000014
HTTP2.o:HTTPHeaderParseContentLength     actrec   0x000c31       data   0x00000c
     Tick.o:TickGetDiv64K     actrec   0x000c34       data   0x000004
Helpers.o:ROMStringToIPAddress     actrec   0x000c34       data   0x000007
      DNS.o:DNSIsResolved     actrec   0x000c34       data   0x000019
   BerkeleyAPI.o:recvfrom     actrec   0x000c34       data   0x000006
     BerkeleyAPI.o:listen     actrec   0x000c35       data   0x000006
     BerkeleyAPI.o:socket     actrec   0x000c35       data   0x000003
     BerkeleyAPI.o:accept     actrec   0x000c35       data   0x000009
     BerkeleyAPI.o:sendto     actrec   0x000c35       data   0x000020
DHCPs.o:DHCPReplyToDiscovery     actrec   0x000c35       data   0x000006
BerkeleyAPI.o:closesocket     actrec   0x000c35       data   0x000003
    HTTP2.o:HTTPURLDecode     actrec   0x000c39       data   0x000009
Helpers.o:FormatNetBIOSName     actrec   0x000c39       data   0x000001
Helpers.o:StringToIPAddress     actrec   0x000c39       data   0x000007
     TCP.o:TCPFindArrayEx     actrec   0x000c39       data   0x000030
   TCP.o:TCPGetRxFIFOFree     actrec   0x000c39       data   0x000004
 MainDemo.o:SaveAppConfig     actrec   0x000c39       data   0x000006
             TCP.o:TCPGet     actrec   0x000c39       data   0x000002
       BerkeleyAPI.o:recv     actrec   0x000c3a       data   0x000002
            TCP.o:TCPOpen     actrec   0x000c3b       data   0x000001
DHCPs.o:isMacAddr_Effective     actrec   0x000c41       data   0x000002
DHCPs.o:GetIPAddrFromIndex_DhcpPool     actrec   0x000c41       data   0x000004
DHCPs.o:postAssign_ToDHCPClient_FromPool     actrec   0x000c41       data   0x000002
TCP.o:GetMaxSegSizeOption     actrec   0x000c41       data   0x000004
DHCPs.o:getIndexByMacaddr_DhcpPool     actrec   0x000c43       data   0x000002
Custom_UART.o:UART_Write_String     actrec   0x000c44       data   0x000002
Misc_Functions.o:ConvertArrayToString     actrec   0x000c44       data   0x000003
Custom_SPI_Low.o:ReadSPI1     actrec   0x000c44       data   0x000001
Custom_SPI_Low.o:WriteSPI1     actrec   0x000c44       data   0x000001
 Custom_I2C.o:I2C_Receive     actrec   0x000c44       data   0x000003
Custom_I2C.o:I2C_Transmit     actrec   0x000c44       data   0x000002
Misc_Functions.o:Convert_String_to_Int     actrec   0x000c44       data   0x00000e
  MPFS2.o:MPFSGetFilename     actrec   0x000c44       data   0x000004
      MPFS2.o:MPFSOpenROM     actrec   0x000c45       data   0x000019
       MPFS2.o:MPFSOpenID     actrec   0x000c45       data   0x000001
 DHCPs.o:Compare_MAC_addr     actrec   0x000c45       data   0x000002
         MPFS2.o:MPFSSeek     actrec   0x000c45       data   0x000004
ETH97J60.o:MACSetReadPtrInRx     actrec   0x000c4d       data   0x000002
       DNS.o:DNSPutString     actrec   0x000c4d       data   0x000004
        UDP.o:UDPGetArray     actrec   0x000c4d       data   0x000002
    DNS.o:DNSPutROMString     actrec   0x000c4d       data   0x000005
  ETH97J60.o:MACDiscardRx     actrec   0x000c4d       data   0x000002
     DNS.o:DNSDiscardName     actrec   0x000c4f       data   0x000001
     UDP.o:UDPPutROMArray     actrec   0x000c52       data   0x000002
       BerkeleyAPI.o:bind     actrec   0x000c55       data   0x000006
BerkeleyAPI.o:HandlePossibleTCPDisconnection     actrec   0x000c55       data   0x000004
           UDP.o:UDPFlush     actrec   0x000c55       data   0x00001c
        UDP.o:UDPPutArray     actrec   0x000c55       data   0x000002
         ARP.o:ARPResolve     actrec   0x000c55       data   0x00001c
       Helpers.o:LFSRRand     actrec   0x000c59       data   0x000001
          UDP.o:UDPOpenEx     actrec   0x000c5b       data   0x000003
        TCP.o:TCPGetArray     actrec   0x000c5d       data   0x000004
      Telnet.o:TelnetTask     actrec   0x000c69       data   0x000013
CustomHTTPApp.o:HTTPExecutePost     actrec   0x000c69       data   0x000014
     StackTsk.o:StackTask     actrec   0x000c71       data   0x000009
       HTTP2.o:HTTPReadTo     actrec   0x000c7d       data   0x000003
HTTP2.o:HTTPReadPostValue     actrec   0x000c80       data   0x000001
 HTTP2.o:HTTPReadPostName     actrec   0x000c80       data   0x000001
      TCP.o:TCPIsPutReady     actrec   0x000c82       data   0x000001
     Tick.o:TickGetDiv256     actrec   0x000c82       data   0x000004
            TCP.o:SendTCP     actrec   0x000c82       data   0x000028
UARTConfig.o:DoUARTConfig     actrec   0x000c8e       data   0x00001d
ETH97J60.o:MACMemCopyAsync     actrec   0x000caa       data   0x000006
ETH97J60.o:CalcIPBufferChecksum     actrec   0x000caa       data   0x00001e
 ETH97J60.o:MACSetReadPtr     actrec   0x000caa       data   0x000002
ETH97J60.o:MACSetWritePtr     actrec   0x000caa       data   0x000002
      ETH97J60.o:MACFlush     actrec   0x000caa       data   0x000001
         IP.o:IPPutHeader     actrec   0x000caa       data   0x000014
ETH97J60.o:MACGetFreeRxSize     actrec   0x000caa       data   0x000004
SPIFlash.o:SPIFlashReadArray     actrec   0x000cab       data   0x000004
SPIFlash.o:WriteBufferToMainMemory     actrec   0x000cab       data   0x000002
SPIFlash.o:ReadBufferFromMainMemory     actrec   0x000cab       data   0x000002
           Tick.o:TickGet     actrec   0x000cab       data   0x000004
  SPIFlash.o:ByteToBuffer     actrec   0x000cab       data   0x000002
       MPFS2.o:MPFSFormat     actrec   0x000cab       data   0x000001
SPIFlash.o:SPIFlashIsBusy     actrec   0x000cad       data   0x000001
          Helpers.o:swaps     actrec   0x000cbe       data   0x000003
 Helpers.o:CalcIPChecksum     actrec   0x000cbe       data   0x000008
      HTTP2.o:HTTPProcess     actrec   0x000cc8       data   0x000019
        TCP.o:TCPPutArray     actrec   0x000ce1       data   0x000006
          MainDemo.o:main     actrec   0x000ce7       data   0x000004
   ETH97J60.o:MACGetArray     actrec   0x000ceb       data   0x000003
       HTTP2.o:HTTPServer     actrec   0x000cee       data   0x000001
                   .stack      udata   0x000d00       data   0x000100
   .udata_CustomHTTPApp.o      udata   0x000e00       data   0x000075
        .udata_StackTsk.o      udata   0x000e75       data   0x00000b
              SFR_BANKED0      udata   0x000e80       data   0x000006
              SFR_BANKED1      udata   0x000e8a       data   0x000001
              SFR_BANKED2      udata   0x000e97       data   0x000003
              SFR_BANKED3      udata   0x000ea0       data   0x000001
              SFR_BANKED4      udata   0x000ea2       data   0x000003
              SFR_BANKED5      udata   0x000ea6       data   0x000002
              SFR_BANKED6      udata   0x000eaa       data   0x000002
              SFR_BANKED7      udata   0x000eb2       data   0x000001
              SFR_BANKED8      udata   0x000eb4       data   0x000001
              SFR_BANKED9      udata   0x000eb6       data   0x000004
             SFR_BANKED10      udata   0x000ec0       data   0x000012
             SFR_BANKED11      udata   0x000ed4       data   0x000002
             SFR_BANKED12      udata   0x000ed8       data   0x000002
             SFR_BANKED13      udata   0x000ee2       data   0x000016
             SFR_BANKED14      udata   0x000efb       data   0x000001
             SFR_BANKED15      udata   0x000efd       data   0x000002
            .udata_SMTP.o      udata   0x000f00       data   0x000057
.idata_BerkeleyUDPClientDemo.o      idata   0x000f57       data   0x000009
            SFR_UNBANKED0      udata   0x000f60       data   0x0000a0



                              Program Memory Usage 
                               Start         End      
                           ---------   ---------      
                            0x000000    0x000005      
                            0x000008    0x00000d      
                            0x000018    0x00001d      
                            0x00002a    0x015d6e      
                            0x01fff8    0x01fff8      
                            0x01fffa    0x01fffa      
                            0x01fffd    0x01fffd      
            89434 out of 131072 program addresses used, program memory utilization is 68%



                              Symbols - Sorted by Name
                     Name    Address   Location    Storage File                     
                ---------  ---------  ---------  --------- ---------                
                  ARPInit   0x011d10    program     extern F:\PIC-web\c18\PIC-WEB-5-42-UEXT-full\Microchip\TCPIP Stack\ARP.c
            ARPIsResolved   0x011f30    program     extern F:\PIC-web\c18\PIC-WEB-5-42-UEXT-full\Microchip\TCPIP Stack\ARP.c
               ARPProcess   0x011d28    program     extern F:\PIC-web\c18\PIC-WEB-5-42-UEXT-full\Microchip\TCPIP Stack\ARP.c
                   ARPPut   0x011c4a    program     static F:\PIC-web\c18\PIC-WEB-5-42-UEXT-full\Microchip\TCPIP Stack\ARP.c
               ARPResolve   0x011ed6    program     extern F:\PIC-web\c18\PIC-WEB-5-42-UEXT-full\Microchip\TCPIP Stack\ARP.c
               ARPSendPkt   0x011c06    program     extern F:\PIC-web\c18\PIC-WEB-5-42-UEXT-full\Microchip\TCPIP Stack\ARP.c
               AnnounceIP   0x0143f0    program     extern F:\PIC-web\c18\PIC-WEB-5-42-UEXT-full\Microchip\TCPIP Stack\Announce.c
 AutoIPConfigIsInProgress   0x00f154    program     extern F:\PIC-web\c18\PIC-WEB-5-42-UEXT-full\Microchip\TCPIP Stack\AutoIP.c
           AutoIPConflict   0x00f4e2    program     extern F:\PIC-web\c18\PIC-WEB-5-42-UEXT-full\Microchip\TCPIP Stack\AutoIP.c
            AutoIPDisable   0x00f582    program     extern F:\PIC-web\c18\PIC-WEB-5-42-UEXT-full\Microchip\TCPIP Stack\AutoIP.c
             AutoIPEnable   0x00f596    program     extern F:\PIC-web\c18\PIC-WEB-5-42-UEXT-full\Microchip\TCPIP Stack\AutoIP.c
               AutoIPInit   0x00f130    program     extern F:\PIC-web\c18\PIC-WEB-5-42-UEXT-full\Microchip\TCPIP Stack\AutoIP.c
       AutoIPIsConfigured   0x00f148    program     extern F:\PIC-web\c18\PIC-WEB-5-42-UEXT-full\Microchip\TCPIP Stack\AutoIP.c
         AutoIPIsDisabled   0x00f5a0    program     extern F:\PIC-web\c18\PIC-WEB-5-42-UEXT-full\Microchip\TCPIP Stack\AutoIP.c
               AutoIPRand   0x00f5bc    program     extern F:\PIC-web\c18\PIC-WEB-5-42-UEXT-full\Microchip\TCPIP Stack\AutoIP.c
           AutoIPRandSeed   0x00f5aa    program     extern F:\PIC-web\c18\PIC-WEB-5-42-UEXT-full\Microchip\TCPIP Stack\AutoIP.c
              AutoIPTasks   0x00f160    program     extern F:\PIC-web\c18\PIC-WEB-5-42-UEXT-full\Microchip\TCPIP Stack\AutoIP.c
             Base64Decode   0x00c906    program     extern F:\PIC-web\c18\PIC-WEB-5-42-UEXT-full\Microchip\TCPIP Stack\Helpers.c
             Base64Encode   0x00c9fe    program     extern F:\PIC-web\c18\PIC-WEB-5-42-UEXT-full\Microchip\TCPIP Stack\Helpers.c
BerkeleySNTPGetUTCSeconds   0x012a28    program     extern F:\PIC-web\c18\PIC-WEB-5-42-UEXT-full\TCPIP\Demo App\BerkeleyUDPClientDemo.c
       BerkeleySocketInit   0x00937a    program     extern F:\PIC-web\c18\PIC-WEB-5-42-UEXT-full\Microchip\TCPIP Stack\BerkeleyAPI.c
    BerkeleyTCPClientDemo   0x0145ce    program     extern F:\PIC-web\c18\PIC-WEB-5-42-UEXT-full\TCPIP\Demo App\BerkeleyTCPClientDemo.c
    BerkeleyTCPServerDemo   0x014202    program     extern F:\PIC-web\c18\PIC-WEB-5-42-UEXT-full\TCPIP\Demo App\BerkeleyTCPServerDemo.c
    BerkeleyUDPClientDemo   0x01278e    program     extern F:\PIC-web\c18\PIC-WEB-5-42-UEXT-full\TCPIP\Demo App\BerkeleyUDPClientDemo.c
                BusyUSART   0x0152ac    program     extern F:\PIC-web\c18\PIC-WEB-5-42-UEXT-full\Microchip\TCPIP Stack\UART.c
             ByteToBuffer   0x012d9c    program     extern F:\PIC-web\c18\PIC-WEB-5-42-UEXT-full\Microchip\TCPIP Stack\SPIFlash.c
     CalcIPBufferChecksum   0x00e66c    program     extern F:\PIC-web\c18\PIC-WEB-5-42-UEXT-full\Microchip\TCPIP Stack\ETH97J60.c
           CalcIPChecksum   0x00cce8    program     extern F:\PIC-web\c18\PIC-WEB-5-42-UEXT-full\Microchip\TCPIP Stack\Helpers.c
               Clock_test   0x015c0c    program     extern E:\3.46\pic18-lt\cxx-framework\src\pmc_common\SW_I2C\swckti2c.c
                CloseSPI1   0x01575a    program     extern F:\PIC-web\c18\PIC-WEB-5-42-UEXT-full\TCPIP\Demo App\Olimex_Demo_Files\Custom_SPI_Low.c
              CloseSocket   0x00200a    program     static F:\PIC-web\c18\PIC-WEB-5-42-UEXT-full\Microchip\TCPIP Stack\TCP.c
               CloseUSART   0x0152b8    program     extern F:\PIC-web\c18\PIC-WEB-5-42-UEXT-full\Microchip\TCPIP Stack\UART.c
         Compare_MAC_addr   0x00b452    program     static F:\PIC-web\c18\PIC-WEB-5-42-UEXT-full\Microchip\TCPIP Stack\DHCPs.c
     ConvertArrayToString   0x0123f0    program     extern F:\PIC-web\c18\PIC-WEB-5-42-UEXT-full\TCPIP\Demo App\Olimex_Demo_Files\Misc_Functions.c
    Convert_String_to_Int   0x012454    program     extern F:\PIC-web\c18\PIC-WEB-5-42-UEXT-full\TCPIP\Demo App\Olimex_Demo_Files\Misc_Functions.c
          Custom_SWAckI2C   0x015444    program     extern F:\PIC-web\c18\PIC-WEB-5-42-UEXT-full\TCPIP\Demo App\Olimex_Demo_Files\Custom_I2C_Low.c
       Custom_SWNotAckI2C   0x015452    program     extern F:\PIC-web\c18\PIC-WEB-5-42-UEXT-full\TCPIP\Demo App\Olimex_Demo_Files\Custom_I2C_Low.c
         Custom_SWReadI2C   0x015414    program     extern F:\PIC-web\c18\PIC-WEB-5-42-UEXT-full\TCPIP\Demo App\Olimex_Demo_Files\Custom_I2C_Low.c
        Custom_SWStartI2C   0x015376    program     extern F:\PIC-web\c18\PIC-WEB-5-42-UEXT-full\TCPIP\Demo App\Olimex_Demo_Files\Custom_I2C_Low.c
         Custom_SWStopI2C   0x01537e    program     extern F:\PIC-web\c18\PIC-WEB-5-42-UEXT-full\TCPIP\Demo App\Olimex_Demo_Files\Custom_I2C_Low.c
        Custom_SWWriteI2C   0x0153ac    program     extern F:\PIC-web\c18\PIC-WEB-5-42-UEXT-full\TCPIP\Demo App\Olimex_Demo_Files\Custom_I2C_Low.c
                    D10_1   0x015c06    program     static E:\3.46\pic18-lt\cxx-framework\src\traditional\delays\d10tcyx.asm
                     D10x   0x015bfe    program     static E:\3.46\pic18-lt\cxx-framework\src\traditional\delays\d10tcyx.asm
                    D1K_1   0x015bc6    program     static E:\3.46\pic18-lt\cxx-framework\src\traditional\delays\d1ktcyx.asm
                     D1Kx   0x015bc4    program     static E:\3.46\pic18-lt\cxx-framework\src\traditional\delays\d1ktcyx.asm
              DHCPDisable   0x00d08e    program     extern F:\PIC-web\c18\PIC-WEB-5-42-UEXT-full\Microchip\TCPIP Stack\DHCP.c
               DHCPEnable   0x00d09e    program     extern F:\PIC-web\c18\PIC-WEB-5-42-UEXT-full\Microchip\TCPIP Stack\DHCP.c
                 DHCPInit   0x00d058    program     extern F:\PIC-web\c18\PIC-WEB-5-42-UEXT-full\Microchip\TCPIP Stack\DHCP.c
              DHCPIsBound   0x00d0b6    program     extern F:\PIC-web\c18\PIC-WEB-5-42-UEXT-full\Microchip\TCPIP Stack\DHCP.c
            DHCPIsEnabled   0x00d0ac    program     extern F:\PIC-web\c18\PIC-WEB-5-42-UEXT-full\Microchip\TCPIP Stack\DHCP.c
     DHCPIsServerDetected   0x00d0ca    program     extern F:\PIC-web\c18\PIC-WEB-5-42-UEXT-full\Microchip\TCPIP Stack\DHCP.c
     DHCPReplyToDiscovery   0x00afec    program     static F:\PIC-web\c18\PIC-WEB-5-42-UEXT-full\Microchip\TCPIP Stack\DHCPs.c
       DHCPReplyToRequest   0x00b082    program     static F:\PIC-web\c18\PIC-WEB-5-42-UEXT-full\Microchip\TCPIP Stack\DHCPs.c
           DHCPServerInit   0x00b234    program     static F:\PIC-web\c18\PIC-WEB-5-42-UEXT-full\Microchip\TCPIP Stack\DHCPs.c
           DHCPServerTask   0x00adba    program     extern F:\PIC-web\c18\PIC-WEB-5-42-UEXT-full\Microchip\TCPIP Stack\DHCPs.c
       DHCPServer_Disable   0x00b660    program     extern F:\PIC-web\c18\PIC-WEB-5-42-UEXT-full\Microchip\TCPIP Stack\DHCPs.c
        DHCPServer_Enable   0x00b678    program     extern F:\PIC-web\c18\PIC-WEB-5-42-UEXT-full\Microchip\TCPIP Stack\DHCPs.c
         DHCPStateChanged   0x00d0be    program     extern F:\PIC-web\c18\PIC-WEB-5-42-UEXT-full\Microchip\TCPIP Stack\DHCP.c
                 DHCPTask   0x00d0da    program     extern F:\PIC-web\c18\PIC-WEB-5-42-UEXT-full\Microchip\TCPIP Stack\DHCP.c
           DHCPTempIPAddr   0x00d0d6    program     extern F:\PIC-web\c18\PIC-WEB-5-42-UEXT-full\Microchip\TCPIP Stack\DHCP.c
            DNSBeginUsage   0x00ea78    program     extern F:\PIC-web\c18\PIC-WEB-5-42-UEXT-full\Microchip\TCPIP Stack\DNS.c
           DNSDiscardName   0x00efb0    program     static F:\PIC-web\c18\PIC-WEB-5-42-UEXT-full\Microchip\TCPIP Stack\DNS.c
              DNSEndUsage   0x00ea82    program     extern F:\PIC-web\c18\PIC-WEB-5-42-UEXT-full\Microchip\TCPIP Stack\DNS.c
            DNSIsResolved   0x00eb22    program     extern F:\PIC-web\c18\PIC-WEB-5-42-UEXT-full\Microchip\TCPIP Stack\DNS.c
          DNSPutROMString   0x00eef6    program     static F:\PIC-web\c18\PIC-WEB-5-42-UEXT-full\Microchip\TCPIP Stack\DNS.c
             DNSPutString   0x00ee5c    program     static F:\PIC-web\c18\PIC-WEB-5-42-UEXT-full\Microchip\TCPIP Stack\DNS.c
               DNSResolve   0x00ea9c    program     extern F:\PIC-web\c18\PIC-WEB-5-42-UEXT-full\Microchip\TCPIP Stack\DNS.c
            DNSResolveROM   0x00eadc    program     extern F:\PIC-web\c18\PIC-WEB-5-42-UEXT-full\Microchip\TCPIP Stack\DNS.c
              DataRdySPI1   0x0157ca    program     extern F:\PIC-web\c18\PIC-WEB-5-42-UEXT-full\TCPIP\Demo App\Olimex_Demo_Files\Custom_SPI_Low.c
             DataRdyUSART   0x0152c4    program     extern F:\PIC-web\c18\PIC-WEB-5-42-UEXT-full\Microchip\TCPIP Stack\UART.c
              Delay10TCYx   0x015bf6    program     extern E:\3.46\pic18-lt\cxx-framework\src\traditional\delays\d10tcyx.asm
              Delay1KTCYx   0x015bba    program     extern E:\3.46\pic18-lt\cxx-framework\src\traditional\delays\d1ktcyx.asm
            DiscoveryTask   0x01445e    program     extern F:\PIC-web\c18\PIC-WEB-5-42-UEXT-full\Microchip\TCPIP Stack\Announce.c
           DisplayIPValue   0x00f9de    program     extern F:\PIC-web\c18\PIC-WEB-5-42-UEXT-full\TCPIP\Demo App\MainDemo.c
             DoUARTConfig   0x011766    program     extern F:\PIC-web\c18\PIC-WEB-5-42-UEXT-full\TCPIP\Demo App\UARTConfig.c
             DownloadMPFS   0x011a58    program     static F:\PIC-web\c18\PIC-WEB-5-42-UEXT-full\TCPIP\Demo App\UARTConfig.c
                 FLO1632S   0x00fd26    program     extern E:\3.46\pic18-lt\cxx-framework\src\traditional\math\cast16FP.asm
                 FLO1632U   0x00fd22    program     extern E:\3.46\pic18-lt\cxx-framework\src\traditional\math\cast16FP.asm
                    FPA32   0x00fdf4    program     extern E:\3.46\pic18-lt\cxx-framework\src\traditional\math\addFP.asm
                    FPD32   0x00fd4c    program     extern E:\3.46\pic18-lt\cxx-framework\src\traditional\math\divFP.asm
                    FPM32   0x010158    program     extern E:\3.46\pic18-lt\cxx-framework\src\traditional\math\mulFP.asm
                    FPS32   0x00fdf2    program     extern E:\3.46\pic18-lt\cxx-framework\src\traditional\math\addFP.asm
                 FXD1616U   0x015b62    program     extern E:\3.46\pic18-lt\cxx-framework\src\traditional\math\fxd1616u.c
                 FXD3232U   0x015a70    program     extern E:\3.46\pic18-lt\cxx-framework\src\traditional\math\fxd3232u.c
                 FXM1616U   0x00ff20    program     extern E:\3.46\pic18-lt\cxx-framework\src\traditional\math\fxm1616u.asm
                 FXM2424U   0x00ff5c    program     extern E:\3.46\pic18-lt\cxx-framework\src\traditional\math\fxm2424u.asm
                  FXM3232   0x0159a4    program     extern E:\3.46\pic18-lt\cxx-framework\src\traditional\math\fxm3232.c
         FindEmailAddress   0x007e18    program     static F:\PIC-web\c18\PIC-WEB-5-42-UEXT-full\Microchip\TCPIP Stack\SMTP.c
       FindMatchingSocket   0x00c2d2    program     static F:\PIC-web\c18\PIC-WEB-5-42-UEXT-full\Microchip\TCPIP Stack\UDP.c
       FindMatchingSocket   0x001d12    program     static F:\PIC-web\c18\PIC-WEB-5-42-UEXT-full\Microchip\TCPIP Stack\TCP.c
      FindROMEmailAddress   0x007eb0    program     static F:\PIC-web\c18\PIC-WEB-5-42-UEXT-full\Microchip\TCPIP Stack\SMTP.c
        FormatNetBIOSName   0x00ce28    program     extern F:\PIC-web\c18\PIC-WEB-5-42-UEXT-full\Microchip\TCPIP Stack\Helpers.c
      GenerateRandomDWORD   0x00c5d4    program     extern F:\PIC-web\c18\PIC-WEB-5-42-UEXT-full\Microchip\TCPIP Stack\Helpers.c
         GenericTCPClient   0x01400c    program     extern F:\PIC-web\c18\PIC-WEB-5-42-UEXT-full\TCPIP\Demo App\GenericTCPClient.c
         GenericTCPServer   0x0147a8    program     extern F:\PIC-web\c18\PIC-WEB-5-42-UEXT-full\TCPIP\Demo App\GenericTCPServer.c
GetIPAddrFromIndex_DhcpPool   0x00b404    program     static F:\PIC-web\c18\PIC-WEB-5-42-UEXT-full\Microchip\TCPIP Stack\DHCPs.c
      GetMaxSegSizeOption   0x002088    program     static F:\PIC-web\c18\PIC-WEB-5-42-UEXT-full\Microchip\TCPIP Stack\TCP.c
              GetTickCopy   0x01564e    program     static F:\PIC-web\c18\PIC-WEB-5-42-UEXT-full\Microchip\TCPIP Stack\Tick.c
          HTML_DOWN_ARROW   0x015c34    program     extern F:\PIC-web\c18\PIC-WEB-5-42-UEXT-full\TCPIP\Demo App\CustomHTTPApp.c
            HTML_UP_ARROW   0x015c31    program     extern F:\PIC-web\c18\PIC-WEB-5-42-UEXT-full\TCPIP\Demo App\CustomHTTPApp.c
            HTTPCheckAuth   0x00561a    program     extern F:\PIC-web\c18\PIC-WEB-5-42-UEXT-full\TCPIP\Demo App\CustomHTTPApp.c
           HTTPExecuteGet   0x00565c    program     extern F:\PIC-web\c18\PIC-WEB-5-42-UEXT-full\TCPIP\Demo App\CustomHTTPApp.c
          HTTPExecutePost   0x005dee    program     extern F:\PIC-web\c18\PIC-WEB-5-42-UEXT-full\TCPIP\Demo App\CustomHTTPApp.c
               HTTPGetArg   0x004b44    program     extern F:\PIC-web\c18\PIC-WEB-5-42-UEXT-full\Microchip\TCPIP Stack\HTTP2.c
            HTTPGetROMArg   0x004b96    program     extern F:\PIC-web\c18\PIC-WEB-5-42-UEXT-full\Microchip\TCPIP Stack\HTTP2.c
HTTPHeaderParseAuthorization   0x004878    program     static F:\PIC-web\c18\PIC-WEB-5-42-UEXT-full\Microchip\TCPIP Stack\HTTP2.c
HTTPHeaderParseContentLength   0x004a08    program     static F:\PIC-web\c18\PIC-WEB-5-42-UEXT-full\Microchip\TCPIP Stack\HTTP2.c
    HTTPHeaderParseCookie   0x00496a    program     static F:\PIC-web\c18\PIC-WEB-5-42-UEXT-full\Microchip\TCPIP Stack\HTTP2.c
    HTTPHeaderParseLookup   0x00485c    program     static F:\PIC-web\c18\PIC-WEB-5-42-UEXT-full\Microchip\TCPIP Stack\HTTP2.c
              HTTPIncFile   0x004f64    program     extern F:\PIC-web\c18\PIC-WEB-5-42-UEXT-full\Microchip\TCPIP Stack\HTTP2.c
                 HTTPInit   0x003c80    program     extern F:\PIC-web\c18\PIC-WEB-5-42-UEXT-full\Microchip\TCPIP Stack\HTTP2.c
             HTTPLoadConn   0x003d66    program     static F:\PIC-web\c18\PIC-WEB-5-42-UEXT-full\Microchip\TCPIP Stack\HTTP2.c
           HTTPMPFSUpload   0x004da6    program     static F:\PIC-web\c18\PIC-WEB-5-42-UEXT-full\Microchip\TCPIP Stack\HTTP2.c
            HTTPNeedsAuth   0x0055e8    program     extern F:\PIC-web\c18\PIC-WEB-5-42-UEXT-full\TCPIP\Demo App\CustomHTTPApp.c
           HTTPPostConfig   0x005e5a    program     static F:\PIC-web\c18\PIC-WEB-5-42-UEXT-full\TCPIP\Demo App\CustomHTTPApp.c
            HTTPPostEmail   0x00634c    program     static F:\PIC-web\c18\PIC-WEB-5-42-UEXT-full\TCPIP\Demo App\CustomHTTPApp.c
              HTTPPostMD5   0x0061ba    program     static F:\PIC-web\c18\PIC-WEB-5-42-UEXT-full\TCPIP\Demo App\CustomHTTPApp.c
                HTTPPrint   0x0037b2    program     extern F:\PIC-web\c18\PIC-WEB-5-42-UEXT-full\TCPIP\Demo App\HTTPPrint.h
              HTTPPrintIP   0x006ca8    program     extern F:\PIC-web\c18\PIC-WEB-5-42-UEXT-full\TCPIP\Demo App\CustomHTTPApp.c
               HTTPPrint_   0x003c76    program     extern F:\PIC-web\c18\PIC-WEB-5-42-UEXT-full\TCPIP\Demo App\HTTPPrint.h
         HTTPPrint_I2CRes   0x006bb4    program     extern F:\PIC-web\c18\PIC-WEB-5-42-UEXT-full\TCPIP\Demo App\CustomHTTPApp.c
         HTTPPrint_SPIRes   0x006bbe    program     extern F:\PIC-web\c18\PIC-WEB-5-42-UEXT-full\TCPIP\Demo App\CustomHTTPApp.c
    HTTPPrint_UART_Output   0x006b4a    program     extern F:\PIC-web\c18\PIC-WEB-5-42-UEXT-full\TCPIP\Demo App\CustomHTTPApp.c
            HTTPPrint_btn   0x00686e    program     extern F:\PIC-web\c18\PIC-WEB-5-42-UEXT-full\TCPIP\Demo App\CustomHTTPApp.c
      HTTPPrint_builddate   0x006804    program     extern F:\PIC-web\c18\PIC-WEB-5-42-UEXT-full\TCPIP\Demo App\CustomHTTPApp.c
HTTPPrint_config_dhcpchecked   0x006cfe    program     extern F:\PIC-web\c18\PIC-WEB-5-42-UEXT-full\TCPIP\Demo App\CustomHTTPApp.c
    HTTPPrint_config_dns1   0x006d50    program     extern F:\PIC-web\c18\PIC-WEB-5-42-UEXT-full\TCPIP\Demo App\CustomHTTPApp.c
    HTTPPrint_config_dns2   0x006d64    program     extern F:\PIC-web\c18\PIC-WEB-5-42-UEXT-full\TCPIP\Demo App\CustomHTTPApp.c
      HTTPPrint_config_gw   0x006d28    program     extern F:\PIC-web\c18\PIC-WEB-5-42-UEXT-full\TCPIP\Demo App\CustomHTTPApp.c
HTTPPrint_config_hostname   0x006cf4    program     extern F:\PIC-web\c18\PIC-WEB-5-42-UEXT-full\TCPIP\Demo App\CustomHTTPApp.c
      HTTPPrint_config_ip   0x006d14    program     extern F:\PIC-web\c18\PIC-WEB-5-42-UEXT-full\TCPIP\Demo App\CustomHTTPApp.c
     HTTPPrint_config_mac   0x006d78    program     extern F:\PIC-web\c18\PIC-WEB-5-42-UEXT-full\TCPIP\Demo App\CustomHTTPApp.c
  HTTPPrint_config_subnet   0x006d3c    program     extern F:\PIC-web\c18\PIC-WEB-5-42-UEXT-full\TCPIP\Demo App\CustomHTTPApp.c
     HTTPPrint_cookiename   0x006c14    program     extern F:\PIC-web\c18\PIC-WEB-5-42-UEXT-full\TCPIP\Demo App\CustomHTTPApp.c
      HTTPPrint_ddns_host   0x006dc8    program     extern F:\PIC-web\c18\PIC-WEB-5-42-UEXT-full\TCPIP\Demo App\CustomHTTPApp.c
      HTTPPrint_ddns_pass   0x006dc6    program     extern F:\PIC-web\c18\PIC-WEB-5-42-UEXT-full\TCPIP\Demo App\CustomHTTPApp.c
   HTTPPrint_ddns_service   0x006dca    program     extern F:\PIC-web\c18\PIC-WEB-5-42-UEXT-full\TCPIP\Demo App\CustomHTTPApp.c
    HTTPPrint_ddns_status   0x006dcc    program     extern F:\PIC-web\c18\PIC-WEB-5-42-UEXT-full\TCPIP\Demo App\CustomHTTPApp.c
HTTPPrint_ddns_status_msg   0x006ddc    program     extern F:\PIC-web\c18\PIC-WEB-5-42-UEXT-full\TCPIP\Demo App\CustomHTTPApp.c
      HTTPPrint_ddns_user   0x006dc4    program     extern F:\PIC-web\c18\PIC-WEB-5-42-UEXT-full\TCPIP\Demo App\CustomHTTPApp.c
       HTTPPrint_hellomsg   0x006bea    program     extern F:\PIC-web\c18\PIC-WEB-5-42-UEXT-full\TCPIP\Demo App\CustomHTTPApp.c
        HTTPPrint_lcdtext   0x006bc8    program     extern F:\PIC-web\c18\PIC-WEB-5-42-UEXT-full\TCPIP\Demo App\CustomHTTPApp.c
            HTTPPrint_led   0x0068ce    program     extern F:\PIC-web\c18\PIC-WEB-5-42-UEXT-full\TCPIP\Demo App\CustomHTTPApp.c
    HTTPPrint_ledSelected   0x006946    program     extern F:\PIC-web\c18\PIC-WEB-5-42-UEXT-full\TCPIP\Demo App\CustomHTTPApp.c
            HTTPPrint_pot   0x006b14    program     extern F:\PIC-web\c18\PIC-WEB-5-42-UEXT-full\TCPIP\Demo App\CustomHTTPApp.c
      HTTPPrint_read_comm   0x006db2    program     extern F:\PIC-web\c18\PIC-WEB-5-42-UEXT-full\TCPIP\Demo App\CustomHTTPApp.c
         HTTPPrint_reboot   0x006db6    program     extern F:\PIC-web\c18\PIC-WEB-5-42-UEXT-full\TCPIP\Demo App\CustomHTTPApp.c
     HTTPPrint_rebootaddr   0x006dba    program     extern F:\PIC-web\c18\PIC-WEB-5-42-UEXT-full\TCPIP\Demo App\CustomHTTPApp.c
       HTTPPrint_smtps_en   0x006e02    program     extern F:\PIC-web\c18\PIC-WEB-5-42-UEXT-full\TCPIP\Demo App\CustomHTTPApp.c
        HTTPPrint_snmp_en   0x006e08    program     extern F:\PIC-web\c18\PIC-WEB-5-42-UEXT-full\TCPIP\Demo App\CustomHTTPApp.c
    HTTPPrint_status_fail   0x006e22    program     extern F:\PIC-web\c18\PIC-WEB-5-42-UEXT-full\TCPIP\Demo App\CustomHTTPApp.c
      HTTPPrint_status_ok   0x006e0e    program     extern F:\PIC-web\c18\PIC-WEB-5-42-UEXT-full\TCPIP\Demo App\CustomHTTPApp.c
           HTTPPrint_temp   0x0069d8    program     extern F:\PIC-web\c18\PIC-WEB-5-42-UEXT-full\TCPIP\Demo App\CustomHTTPApp.c
   HTTPPrint_uploadeImage   0x006c40    program     extern F:\PIC-web\c18\PIC-WEB-5-42-UEXT-full\TCPIP\Demo App\CustomHTTPApp.c
    HTTPPrint_uploadedmd5   0x006c42    program     extern F:\PIC-web\c18\PIC-WEB-5-42-UEXT-full\TCPIP\Demo App\CustomHTTPApp.c
        HTTPPrint_version   0x00685e    program     extern F:\PIC-web\c18\PIC-WEB-5-42-UEXT-full\TCPIP\Demo App\CustomHTTPApp.c
     HTTPPrint_write_comm   0x006db4    program     extern F:\PIC-web\c18\PIC-WEB-5-42-UEXT-full\TCPIP\Demo App\CustomHTTPApp.c
              HTTPProcess   0x003dda    program     static F:\PIC-web\c18\PIC-WEB-5-42-UEXT-full\Microchip\TCPIP Stack\HTTP2.c
         HTTPReadPostName   0x004bf6    program     extern F:\PIC-web\c18\PIC-WEB-5-42-UEXT-full\Microchip\TCPIP Stack\HTTP2.c
        HTTPReadPostValue   0x004c36    program     extern F:\PIC-web\c18\PIC-WEB-5-42-UEXT-full\Microchip\TCPIP Stack\HTTP2.c
               HTTPReadTo   0x004c9a    program     static F:\PIC-web\c18\PIC-WEB-5-42-UEXT-full\Microchip\TCPIP Stack\HTTP2.c
       HTTPRequestHeaders   0x01599b    program     static F:\PIC-web\c18\PIC-WEB-5-42-UEXT-full\Microchip\TCPIP Stack\HTTP2.c
      HTTPResponseHeaders   0x015971    program     static F:\PIC-web\c18\PIC-WEB-5-42-UEXT-full\Microchip\TCPIP Stack\HTTP2.c
             HTTPSendFile   0x0046d6    program     static F:\PIC-web\c18\PIC-WEB-5-42-UEXT-full\Microchip\TCPIP Stack\HTTP2.c
               HTTPServer   0x003cee    program     extern F:\PIC-web\c18\PIC-WEB-5-42-UEXT-full\Microchip\TCPIP Stack\HTTP2.c
            HTTPURLDecode   0x004a7c    program     extern F:\PIC-web\c18\PIC-WEB-5-42-UEXT-full\Microchip\TCPIP Stack\HTTP2.c
                HTTP_CRLF   0x015926    program     static F:\PIC-web\c18\PIC-WEB-5-42-UEXT-full\Microchip\TCPIP Stack\HTTP2.c
HandlePossibleTCPDisconnection   0x009f04    program     static F:\PIC-web\c18\PIC-WEB-5-42-UEXT-full\Microchip\TCPIP Stack\BerkeleyAPI.c
             HandleTCPSeg   0x002148    program     static F:\PIC-web\c18\PIC-WEB-5-42-UEXT-full\Microchip\TCPIP Stack\TCP.c
              HashAddData   0x00d9d4    program     extern F:\PIC-web\c18\PIC-WEB-5-42-UEXT-full\Microchip\TCPIP Stack\Hashes.c
           HashAddROMData   0x00da00    program     extern F:\PIC-web\c18\PIC-WEB-5-42-UEXT-full\Microchip\TCPIP Stack\Hashes.c
                  HighISR   0x00f78c    program     extern F:\PIC-web\c18\PIC-WEB-5-42-UEXT-full\TCPIP\Demo App\MainDemo.c
               HighVector   0x000008    program     extern F:\PIC-web\c18\PIC-WEB-5-42-UEXT-full\TCPIP\Demo App\MainDemo.c
              I2C_Receive   0x014e44    program     extern F:\PIC-web\c18\PIC-WEB-5-42-UEXT-full\TCPIP\Demo App\Olimex_Demo_Files\Custom_I2C.c
             I2C_Transmit   0x014df0    program     extern F:\PIC-web\c18\PIC-WEB-5-42-UEXT-full\TCPIP\Demo App\Olimex_Demo_Files\Custom_I2C.c
           ICMPBeginUsage   0x0131b4    program     extern F:\PIC-web\c18\PIC-WEB-5-42-UEXT-full\Microchip\TCPIP Stack\ICMP.c
             ICMPEndUsage   0x0131be    program     extern F:\PIC-web\c18\PIC-WEB-5-42-UEXT-full\Microchip\TCPIP Stack\ICMP.c
             ICMPGetReply   0x012ff2    program     extern F:\PIC-web\c18\PIC-WEB-5-42-UEXT-full\Microchip\TCPIP Stack\ICMP.c
              ICMPProcess   0x012e96    program     extern F:\PIC-web\c18\PIC-WEB-5-42-UEXT-full\Microchip\TCPIP Stack\ICMP.c
             ICMPSendPing   0x012fa8    program     extern F:\PIC-web\c18\PIC-WEB-5-42-UEXT-full\Microchip\TCPIP Stack\ICMP.c
       ICMPSendPingToHost   0x012fc2    program     extern F:\PIC-web\c18\PIC-WEB-5-42-UEXT-full\Microchip\TCPIP Stack\ICMP.c
    ICMPSendPingToHostROM   0x012fd8    program     extern F:\PIC-web\c18\PIC-WEB-5-42-UEXT-full\Microchip\TCPIP Stack\ICMP.c
                  INT3216   0x00ffee    program     extern E:\3.46\pic18-lt\cxx-framework\src\traditional\math\castFP16.asm
              IPGetHeader   0x013dc4    program     extern F:\PIC-web\c18\PIC-WEB-5-42-UEXT-full\Microchip\TCPIP Stack\IP.c
              IPPutHeader   0x013eae    program     extern F:\PIC-web\c18\PIC-WEB-5-42-UEXT-full\Microchip\TCPIP Stack\IP.c
            IPSetRxBuffer   0x013f94    program     extern F:\PIC-web\c18\PIC-WEB-5-42-UEXT-full\Microchip\TCPIP Stack\IP.c
            InitAppConfig   0x00fabc    program     static F:\PIC-web\c18\PIC-WEB-5-42-UEXT-full\TCPIP\Demo App\MainDemo.c
          InitializeBoard   0x00fa7a    program     static F:\PIC-web\c18\PIC-WEB-5-42-UEXT-full\TCPIP\Demo App\MainDemo.c
                 LFSRRand   0x00c55c    program     extern F:\PIC-web\c18\PIC-WEB-5-42-UEXT-full\Microchip\TCPIP Stack\Helpers.c
             LFSRSeedRand   0x00c502    program     extern F:\PIC-web\c18\PIC-WEB-5-42-UEXT-full\Microchip\TCPIP Stack\Helpers.c
                   LowISR   0x00f740    program     extern F:\PIC-web\c18\PIC-WEB-5-42-UEXT-full\TCPIP\Demo App\MainDemo.c
                LowVector   0x000018    program     extern F:\PIC-web\c18\PIC-WEB-5-42-UEXT-full\TCPIP\Demo App\MainDemo.c
        MACCalcRxChecksum   0x00e620    program     extern F:\PIC-web\c18\PIC-WEB-5-42-UEXT-full\Microchip\TCPIP Stack\ETH97J60.c
             MACDiscardRx   0x00e358    program     extern F:\PIC-web\c18\PIC-WEB-5-42-UEXT-full\Microchip\TCPIP Stack\ETH97J60.c
                 MACFlush   0x00e59a    program     extern F:\PIC-web\c18\PIC-WEB-5-42-UEXT-full\Microchip\TCPIP Stack\ETH97J60.c
                   MACGet   0x00e8c0    program     extern F:\PIC-web\c18\PIC-WEB-5-42-UEXT-full\Microchip\TCPIP Stack\ETH97J60.c
              MACGetArray   0x00e8c4    program     extern F:\PIC-web\c18\PIC-WEB-5-42-UEXT-full\Microchip\TCPIP Stack\ETH97J60.c
         MACGetFreeRxSize   0x00e3a4    program     extern F:\PIC-web\c18\PIC-WEB-5-42-UEXT-full\Microchip\TCPIP Stack\ETH97J60.c
             MACGetHeader   0x00e422    program     extern F:\PIC-web\c18\PIC-WEB-5-42-UEXT-full\Microchip\TCPIP Stack\ETH97J60.c
                  MACInit   0x00e236    program     extern F:\PIC-web\c18\PIC-WEB-5-42-UEXT-full\Microchip\TCPIP Stack\ETH97J60.c
              MACIsLinked   0x00e320    program     extern F:\PIC-web\c18\PIC-WEB-5-42-UEXT-full\Microchip\TCPIP Stack\ETH97J60.c
         MACIsMemCopyDone   0x00e8b4    program     extern F:\PIC-web\c18\PIC-WEB-5-42-UEXT-full\Microchip\TCPIP Stack\ETH97J60.c
             MACIsTxReady   0x00e332    program     extern F:\PIC-web\c18\PIC-WEB-5-42-UEXT-full\Microchip\TCPIP Stack\ETH97J60.c
          MACMemCopyAsync   0x00e780    program     extern F:\PIC-web\c18\PIC-WEB-5-42-UEXT-full\Microchip\TCPIP Stack\ETH97J60.c
             MACPowerDown   0x00e9da    program     extern F:\PIC-web\c18\PIC-WEB-5-42-UEXT-full\Microchip\TCPIP Stack\ETH97J60.c
               MACPowerUp   0x00e9ec    program     extern F:\PIC-web\c18\PIC-WEB-5-42-UEXT-full\Microchip\TCPIP Stack\ETH97J60.c
                   MACPut   0x00e902    program     extern F:\PIC-web\c18\PIC-WEB-5-42-UEXT-full\Microchip\TCPIP Stack\ETH97J60.c
              MACPutArray   0x00e90c    program     extern F:\PIC-web\c18\PIC-WEB-5-42-UEXT-full\Microchip\TCPIP Stack\ETH97J60.c
             MACPutHeader   0x00e53c    program     extern F:\PIC-web\c18\PIC-WEB-5-42-UEXT-full\Microchip\TCPIP Stack\ETH97J60.c
           MACPutROMArray   0x00e93e    program     extern F:\PIC-web\c18\PIC-WEB-5-42-UEXT-full\Microchip\TCPIP Stack\ETH97J60.c
            MACSetReadPtr   0x00e606    program     extern F:\PIC-web\c18\PIC-WEB-5-42-UEXT-full\Microchip\TCPIP Stack\ETH97J60.c
        MACSetReadPtrInRx   0x00e5be    program     extern F:\PIC-web\c18\PIC-WEB-5-42-UEXT-full\Microchip\TCPIP Stack\ETH97J60.c
           MACSetWritePtr   0x00e5ec    program     extern F:\PIC-web\c18\PIC-WEB-5-42-UEXT-full\Microchip\TCPIP Stack\ETH97J60.c
               MD5AddData   0x00da9a    program     extern F:\PIC-web\c18\PIC-WEB-5-42-UEXT-full\Microchip\TCPIP Stack\Hashes.c
            MD5AddROMData   0x00db2a    program     extern F:\PIC-web\c18\PIC-WEB-5-42-UEXT-full\Microchip\TCPIP Stack\Hashes.c
             MD5Calculate   0x00df22    program     extern F:\PIC-web\c18\PIC-WEB-5-42-UEXT-full\Microchip\TCPIP Stack\Hashes.c
             MD5HashBlock   0x00dbc2    program     static F:\PIC-web\c18\PIC-WEB-5-42-UEXT-full\Microchip\TCPIP Stack\Hashes.c
            MD5Initialize   0x00da30    program     extern F:\PIC-web\c18\PIC-WEB-5-42-UEXT-full\Microchip\TCPIP Stack\Hashes.c
                MPFSClose   0x00a54a    program     extern F:\PIC-web\c18\PIC-WEB-5-42-UEXT-full\Microchip\TCPIP Stack\MPFS2.c
               MPFSFormat   0x00a7b4    program     extern F:\PIC-web\c18\PIC-WEB-5-42-UEXT-full\Microchip\TCPIP Stack\MPFS2.c
                  MPFSGet   0x00a560    program     extern F:\PIC-web\c18\PIC-WEB-5-42-UEXT-full\Microchip\TCPIP Stack\MPFS2.c
             MPFSGetArray   0x00a5d2    program     extern F:\PIC-web\c18\PIC-WEB-5-42-UEXT-full\Microchip\TCPIP Stack\MPFS2.c
          MPFSGetBytesRem   0x00a96e    program     extern F:\PIC-web\c18\PIC-WEB-5-42-UEXT-full\Microchip\TCPIP Stack\MPFS2.c
           MPFSGetEndAddr   0x00a9e4    program     extern F:\PIC-web\c18\PIC-WEB-5-42-UEXT-full\Microchip\TCPIP Stack\MPFS2.c
          MPFSGetFilename   0x00aa3c    program     extern F:\PIC-web\c18\PIC-WEB-5-42-UEXT-full\Microchip\TCPIP Stack\MPFS2.c
             MPFSGetFlags   0x00a8fe    program     extern F:\PIC-web\c18\PIC-WEB-5-42-UEXT-full\Microchip\TCPIP Stack\MPFS2.c
                MPFSGetID   0x00aaf2    program     extern F:\PIC-web\c18\PIC-WEB-5-42-UEXT-full\Microchip\TCPIP Stack\MPFS2.c
              MPFSGetLong   0x00a66e    program     extern F:\PIC-web\c18\PIC-WEB-5-42-UEXT-full\Microchip\TCPIP Stack\MPFS2.c
         MPFSGetMicrotime   0x00a8c4    program     extern F:\PIC-web\c18\PIC-WEB-5-42-UEXT-full\Microchip\TCPIP Stack\MPFS2.c
          MPFSGetPosition   0x00aa90    program     extern F:\PIC-web\c18\PIC-WEB-5-42-UEXT-full\Microchip\TCPIP Stack\MPFS2.c
              MPFSGetSize   0x00a934    program     extern F:\PIC-web\c18\PIC-WEB-5-42-UEXT-full\Microchip\TCPIP Stack\MPFS2.c
         MPFSGetStartAddr   0x00a9a0    program     extern F:\PIC-web\c18\PIC-WEB-5-42-UEXT-full\Microchip\TCPIP Stack\MPFS2.c
         MPFSGetTimestamp   0x00a88a    program     extern F:\PIC-web\c18\PIC-WEB-5-42-UEXT-full\Microchip\TCPIP Stack\MPFS2.c
                 MPFSInit   0x00a1e4    program     extern F:\PIC-web\c18\PIC-WEB-5-42-UEXT-full\Microchip\TCPIP Stack\MPFS2.c
                 MPFSOpen   0x00a20c    program     extern F:\PIC-web\c18\PIC-WEB-5-42-UEXT-full\Microchip\TCPIP Stack\MPFS2.c
               MPFSOpenID   0x00a4ca    program     extern F:\PIC-web\c18\PIC-WEB-5-42-UEXT-full\Microchip\TCPIP Stack\MPFS2.c
              MPFSOpenROM   0x00a372    program     extern F:\PIC-web\c18\PIC-WEB-5-42-UEXT-full\Microchip\TCPIP Stack\MPFS2.c
             MPFSPutArray   0x00a7f4    program     extern F:\PIC-web\c18\PIC-WEB-5-42-UEXT-full\Microchip\TCPIP Stack\MPFS2.c
               MPFSPutEnd   0x00a812    program     extern F:\PIC-web\c18\PIC-WEB-5-42-UEXT-full\Microchip\TCPIP Stack\MPFS2.c
                 MPFSSeek   0x00a696    program     extern F:\PIC-web\c18\PIC-WEB-5-42-UEXT-full\Microchip\TCPIP Stack\MPFS2.c
              NBNSGetName   0x0134d8    program     static F:\PIC-web\c18\PIC-WEB-5-42-UEXT-full\Microchip\TCPIP Stack\NBNS.c
              NBNSPutName   0x013492    program     static F:\PIC-web\c18\PIC-WEB-5-42-UEXT-full\Microchip\TCPIP Stack\NBNS.c
                 NBNSTask   0x013214    program     extern F:\PIC-web\c18\PIC-WEB-5-42-UEXT-full\Microchip\TCPIP Stack\NBNS.c
                  OneByte   0x0115da    program     static E:\3.46\pic18-lt\cxx-framework\src\traditional\stdclib\itobcd.asm
                  OneByte   0x011754    program     static E:\3.46\pic18-lt\cxx-framework\src\traditional\stdclib\ltobcd.asm
                 OpenSPI1   0x015786    program     extern F:\PIC-web\c18\PIC-WEB-5-42-UEXT-full\TCPIP\Demo App\Olimex_Demo_Files\Custom_SPI_Low.c
                 PingDemo   0x01555a    program     extern F:\PIC-web\c18\PIC-WEB-5-42-UEXT-full\TCPIP\Demo App\PingDemo.c
                ProcLower   0x0116ec    program     static E:\3.46\pic18-lt\cxx-framework\src\traditional\stdclib\ultoa.asm
                ProcLower   0x01158e    program     static E:\3.46\pic18-lt\cxx-framework\src\traditional\stdclib\itoa.asm
                ProcUpper   0x011584    program     static E:\3.46\pic18-lt\cxx-framework\src\traditional\stdclib\itoa.asm
                ProcUpper   0x0116e2    program     static E:\3.46\pic18-lt\cxx-framework\src\traditional\stdclib\ultoa.asm
                ProcessIO   0x00fa52    program     static F:\PIC-web\c18\PIC-WEB-5-42-UEXT-full\TCPIP\Demo App\MainDemo.c
     ROMStringToIPAddress   0x00c812    program     extern F:\PIC-web\c18\PIC-WEB-5-42-UEXT-full\Microchip\TCPIP Stack\Helpers.c
 ReadBufferFromMainMemory   0x012d54    program     extern F:\PIC-web\c18\PIC-WEB-5-42-UEXT-full\Microchip\TCPIP Stack\SPIFlash.c
               ReadPHYReg   0x00e97a    program     extern F:\PIC-web\c18\PIC-WEB-5-42-UEXT-full\Microchip\TCPIP Stack\ETH97J60.c
                 ReadSPI1   0x0157d0    program     extern F:\PIC-web\c18\PIC-WEB-5-42-UEXT-full\TCPIP\Demo App\Olimex_Demo_Files\Custom_SPI_Low.c
           ReadStringUART   0x01525e    program     extern F:\PIC-web\c18\PIC-WEB-5-42-UEXT-full\Microchip\TCPIP Stack\UART.c
                ReadUSART   0x0152d6    program     extern F:\PIC-web\c18\PIC-WEB-5-42-UEXT-full\Microchip\TCPIP Stack\UART.c
               RebootTask   0x014ba6    program     extern F:\PIC-web\c18\PIC-WEB-5-42-UEXT-full\Microchip\TCPIP Stack\Reboot.c
                RemoteURL   0x015b2e    program     static F:\PIC-web\c18\PIC-WEB-5-42-UEXT-full\TCPIP\Demo App\GenericTCPClient.c
           SMTPBeginUsage   0x00712a    program     extern F:\PIC-web\c18\PIC-WEB-5-42-UEXT-full\Microchip\TCPIP Stack\SMTP.c
                 SMTPDemo   0x015474    program     extern F:\PIC-web\c18\PIC-WEB-5-42-UEXT-full\TCPIP\Demo App\SMTPDemo.c
             SMTPEndUsage   0x007160    program     extern F:\PIC-web\c18\PIC-WEB-5-42-UEXT-full\Microchip\TCPIP Stack\SMTP.c
                SMTPFlush   0x007e0e    program     extern F:\PIC-web\c18\PIC-WEB-5-42-UEXT-full\Microchip\TCPIP Stack\SMTP.c
               SMTPIsBusy   0x007c52    program     extern F:\PIC-web\c18\PIC-WEB-5-42-UEXT-full\Microchip\TCPIP Stack\SMTP.c
           SMTPIsPutReady   0x007c5c    program     extern F:\PIC-web\c18\PIC-WEB-5-42-UEXT-full\Microchip\TCPIP Stack\SMTP.c
                  SMTPPut   0x007c72    program     extern F:\PIC-web\c18\PIC-WEB-5-42-UEXT-full\Microchip\TCPIP Stack\SMTP.c
             SMTPPutArray   0x007cd4    program     extern F:\PIC-web\c18\PIC-WEB-5-42-UEXT-full\Microchip\TCPIP Stack\SMTP.c
              SMTPPutDone   0x007e12    program     extern F:\PIC-web\c18\PIC-WEB-5-42-UEXT-full\Microchip\TCPIP Stack\SMTP.c
          SMTPPutROMArray   0x007d24    program     extern F:\PIC-web\c18\PIC-WEB-5-42-UEXT-full\Microchip\TCPIP Stack\SMTP.c
         SMTPPutROMString   0x007dbe    program     extern F:\PIC-web\c18\PIC-WEB-5-42-UEXT-full\Microchip\TCPIP Stack\SMTP.c
            SMTPPutString   0x007d76    program     extern F:\PIC-web\c18\PIC-WEB-5-42-UEXT-full\Microchip\TCPIP Stack\SMTP.c
             SMTPSendMail   0x007c4c    program     extern F:\PIC-web\c18\PIC-WEB-5-42-UEXT-full\Microchip\TCPIP Stack\SMTP.c
                 SMTPTask   0x00719a    program     extern F:\PIC-web\c18\PIC-WEB-5-42-UEXT-full\Microchip\TCPIP Stack\SMTP.c
               SNTPClient   0x013590    program     extern F:\PIC-web\c18\PIC-WEB-5-42-UEXT-full\Microchip\TCPIP Stack\SNTP.c
        SNTPGetUTCSeconds   0x013784    program     extern F:\PIC-web\c18\PIC-WEB-5-42-UEXT-full\Microchip\TCPIP Stack\SNTP.c
        SPIFlashBeginRead   0x012b40    program     extern F:\PIC-web\c18\PIC-WEB-5-42-UEXT-full\Microchip\TCPIP Stack\SPIFlash.c
       SPIFlashBeginWrite   0x012c44    program     extern F:\PIC-web\c18\PIC-WEB-5-42-UEXT-full\Microchip\TCPIP Stack\SPIFlash.c
         SPIFlashEndWrite   0x012cde    program     extern F:\PIC-web\c18\PIC-WEB-5-42-UEXT-full\Microchip\TCPIP Stack\SPIFlash.c
             SPIFlashInit   0x012b24    program     extern F:\PIC-web\c18\PIC-WEB-5-42-UEXT-full\Microchip\TCPIP Stack\SPIFlash.c
           SPIFlashIsBusy   0x012cea    program     extern F:\PIC-web\c18\PIC-WEB-5-42-UEXT-full\Microchip\TCPIP Stack\SPIFlash.c
             SPIFlashRead   0x012b5c    program     extern F:\PIC-web\c18\PIC-WEB-5-42-UEXT-full\Microchip\TCPIP Stack\SPIFlash.c
        SPIFlashReadArray   0x012bb6    program     extern F:\PIC-web\c18\PIC-WEB-5-42-UEXT-full\Microchip\TCPIP Stack\SPIFlash.c
            SPIFlashWrite   0x012c64    program     extern F:\PIC-web\c18\PIC-WEB-5-42-UEXT-full\Microchip\TCPIP Stack\SPIFlash.c
       SPIFlashWriteArray   0x012cae    program     extern F:\PIC-web\c18\PIC-WEB-5-42-UEXT-full\Microchip\TCPIP Stack\SPIFlash.c
              SPITransfer   0x012b16    program     extern F:\PIC-web\c18\PIC-WEB-5-42-UEXT-full\Microchip\TCPIP Stack\SPIFlash.c
           SPI_Initialize   0x015ab8    program     extern F:\PIC-web\c18\PIC-WEB-5-42-UEXT-full\TCPIP\Demo App\Olimex_Demo_Files\Custom_SPI.c
              SPI_Receive   0x015ade    program     extern F:\PIC-web\c18\PIC-WEB-5-42-UEXT-full\TCPIP\Demo App\Olimex_Demo_Files\Custom_SPI.c
             SPI_Transmit   0x015acc    program     extern F:\PIC-web\c18\PIC-WEB-5-42-UEXT-full\TCPIP\Demo App\Olimex_Demo_Files\Custom_SPI.c
                SWReadI2C   0x015a14    program     extern E:\3.46\pic18-lt\cxx-framework\src\pmc_common\SW_I2C\swgtci2c.c
            SaveAppConfig   0x00fc20    program     extern F:\PIC-web\c18\PIC-WEB-5-42-UEXT-full\TCPIP\Demo App\MainDemo.c
                  SendTCP   0x00187a    program     static F:\PIC-web\c18\PIC-WEB-5-42-UEXT-full\Microchip\TCPIP Stack\TCP.c
     SerializedMACAddress   0x015c2b    program     static F:\PIC-web\c18\PIC-WEB-5-42-UEXT-full\TCPIP\Demo App\MainDemo.c
[...]
                     IPR1   0x000f9f       data     extern E:\3.46\pic18-lt\cxx-framework\src\traditional\proc\p18f67j60.asm
                 IPR1bits   0x000f9f       data     extern E:\3.46\pic18-lt\cxx-framework\src\traditional\proc\p18f67j60.asm
                     PIE2   0x000fa0       data     extern E:\3.46\pic18-lt\cxx-framework\src\traditional\proc\p18f67j60.asm
                 PIE2bits   0x000fa0       data     extern E:\3.46\pic18-lt\cxx-framework\src\traditional\proc\p18f67j60.asm
                     PIR2   0x000fa1       data     extern E:\3.46\pic18-lt\cxx-framework\src\traditional\proc\p18f67j60.asm
                 PIR2bits   0x000fa1       data     extern E:\3.46\pic18-lt\cxx-framework\src\traditional\proc\p18f67j60.asm
                     IPR2   0x000fa2       data     extern E:\3.46\pic18-lt\cxx-framework\src\traditional\proc\p18f67j60.asm
                 IPR2bits   0x000fa2       data     extern E:\3.46\pic18-lt\cxx-framework\src\traditional\proc\p18f67j60.asm
                     PIE3   0x000fa3       data     extern E:\3.46\pic18-lt\cxx-framework\src\traditional\proc\p18f67j60.asm
                 PIE3bits   0x000fa3       data     extern E:\3.46\pic18-lt\cxx-framework\src\traditional\proc\p18f67j60.asm
                 PIR3bits   0x000fa4       data     extern E:\3.46\pic18-lt\cxx-framework\src\traditional\proc\p18f67j60.asm
                     PIR3   0x000fa4       data     extern E:\3.46\pic18-lt\cxx-framework\src\traditional\proc\p18f67j60.asm
                     IPR3   0x000fa5       data     extern E:\3.46\pic18-lt\cxx-framework\src\traditional\proc\p18f67j60.asm
                 IPR3bits   0x000fa5       data     extern E:\3.46\pic18-lt\cxx-framework\src\traditional\proc\p18f67j60.asm
                   EECON1   0x000fa6       data     extern E:\3.46\pic18-lt\cxx-framework\src\traditional\proc\p18f67j60.asm
               EECON1bits   0x000fa6       data     extern E:\3.46\pic18-lt\cxx-framework\src\traditional\proc\p18f67j60.asm
                   EECON2   0x000fa7       data     extern E:\3.46\pic18-lt\cxx-framework\src\traditional\proc\p18f67j60.asm
               RCSTA1bits   0x000fab       data     extern E:\3.46\pic18-lt\cxx-framework\src\traditional\proc\p18f67j60.asm
                   RCSTA1   0x000fab       data     extern E:\3.46\pic18-lt\cxx-framework\src\traditional\proc\p18f67j60.asm
                    RCSTA   0x000fab       data     extern E:\3.46\pic18-lt\cxx-framework\src\traditional\proc\p18f67j60.asm
                RCSTAbits   0x000fab       data     extern E:\3.46\pic18-lt\cxx-framework\src\traditional\proc\p18f67j60.asm
                TXSTAbits   0x000fac       data     extern E:\3.46\pic18-lt\cxx-framework\src\traditional\proc\p18f67j60.asm
               TXSTA1bits   0x000fac       data     extern E:\3.46\pic18-lt\cxx-framework\src\traditional\proc\p18f67j60.asm
                   TXSTA1   0x000fac       data     extern E:\3.46\pic18-lt\cxx-framework\src\traditional\proc\p18f67j60.asm
                    TXSTA   0x000fac       data     extern E:\3.46\pic18-lt\cxx-framework\src\traditional\proc\p18f67j60.asm
                   TXREG1   0x000fad       data     extern E:\3.46\pic18-lt\cxx-framework\src\traditional\proc\p18f67j60.asm
                    TXREG   0x000fad       data     extern E:\3.46\pic18-lt\cxx-framework\src\traditional\proc\p18f67j60.asm
                    RCREG   0x000fae       data     extern E:\3.46\pic18-lt\cxx-framework\src\traditional\proc\p18f67j60.asm
                   RCREG1   0x000fae       data     extern E:\3.46\pic18-lt\cxx-framework\src\traditional\proc\p18f67j60.asm
                   SPBRG1   0x000faf       data     extern E:\3.46\pic18-lt\cxx-framework\src\traditional\proc\p18f67j60.asm
                    SPBRG   0x000faf       data     extern E:\3.46\pic18-lt\cxx-framework\src\traditional\proc\p18f67j60.asm
                    T3CON   0x000fb1       data     extern E:\3.46\pic18-lt\cxx-framework\src\traditional\proc\p18f67j60.asm
                T3CONbits   0x000fb1       data     extern E:\3.46\pic18-lt\cxx-framework\src\traditional\proc\p18f67j60.asm
                    TMR3L   0x000fb2       data     extern E:\3.46\pic18-lt\cxx-framework\src\traditional\proc\p18f67j60.asm
                    TMR3H   0x000fb3       data     extern E:\3.46\pic18-lt\cxx-framework\src\traditional\proc\p18f67j60.asm
                    CMCON   0x000fb4       data     extern E:\3.46\pic18-lt\cxx-framework\src\traditional\proc\p18f67j60.asm
                CMCONbits   0x000fb4       data     extern E:\3.46\pic18-lt\cxx-framework\src\traditional\proc\p18f67j60.asm
               CVRCONbits   0x000fb5       data     extern E:\3.46\pic18-lt\cxx-framework\src\traditional\proc\p18f67j60.asm
                   CVRCON   0x000fb5       data     extern E:\3.46\pic18-lt\cxx-framework\src\traditional\proc\p18f67j60.asm
              ECCP1ASbits   0x000fb6       data     extern E:\3.46\pic18-lt\cxx-framework\src\traditional\proc\p18f67j60.asm
                  ECCP1AS   0x000fb6       data     extern E:\3.46\pic18-lt\cxx-framework\src\traditional\proc\p18f67j60.asm
                 ECCP3CON   0x000fb7       data     extern E:\3.46\pic18-lt\cxx-framework\src\traditional\proc\p18f67j60.asm
              CCP3CONbits   0x000fb7       data     extern E:\3.46\pic18-lt\cxx-framework\src\traditional\proc\p18f67j60.asm
                  CCP3CON   0x000fb7       data     extern E:\3.46\pic18-lt\cxx-framework\src\traditional\proc\p18f67j60.asm
             ECCP3CONbits   0x000fb7       data     extern E:\3.46\pic18-lt\cxx-framework\src\traditional\proc\p18f67j60.asm
                    CCPR3   0x000fb8       data     extern E:\3.46\pic18-lt\cxx-framework\src\traditional\proc\p18f67j60.asm
                   CCPR3L   0x000fb8       data     extern E:\3.46\pic18-lt\cxx-framework\src\traditional\proc\p18f67j60.asm
                   CCPR3H   0x000fb9       data     extern E:\3.46\pic18-lt\cxx-framework\src\traditional\proc\p18f67j60.asm
                 ECCP2CON   0x000fba       data     extern E:\3.46\pic18-lt\cxx-framework\src\traditional\proc\p18f67j60.asm
             ECCP2CONbits   0x000fba       data     extern E:\3.46\pic18-lt\cxx-framework\src\traditional\proc\p18f67j60.asm
                  CCP2CON   0x000fba       data     extern E:\3.46\pic18-lt\cxx-framework\src\traditional\proc\p18f67j60.asm
              CCP2CONbits   0x000fba       data     extern E:\3.46\pic18-lt\cxx-framework\src\traditional\proc\p18f67j60.asm
                   CCPR2L   0x000fbb       data     extern E:\3.46\pic18-lt\cxx-framework\src\traditional\proc\p18f67j60.asm
                    CCPR2   0x000fbb       data     extern E:\3.46\pic18-lt\cxx-framework\src\traditional\proc\p18f67j60.asm
                   CCPR2H   0x000fbc       data     extern E:\3.46\pic18-lt\cxx-framework\src\traditional\proc\p18f67j60.asm
             ECCP1CONbits   0x000fbd       data     extern E:\3.46\pic18-lt\cxx-framework\src\traditional\proc\p18f67j60.asm
                 ECCP1CON   0x000fbd       data     extern E:\3.46\pic18-lt\cxx-framework\src\traditional\proc\p18f67j60.asm
                  CCP1CON   0x000fbd       data     extern E:\3.46\pic18-lt\cxx-framework\src\traditional\proc\p18f67j60.asm
              CCP1CONbits   0x000fbd       data     extern E:\3.46\pic18-lt\cxx-framework\src\traditional\proc\p18f67j60.asm
                   CCPR1L   0x000fbe       data     extern E:\3.46\pic18-lt\cxx-framework\src\traditional\proc\p18f67j60.asm
                    CCPR1   0x000fbe       data     extern E:\3.46\pic18-lt\cxx-framework\src\traditional\proc\p18f67j60.asm
                   CCPR1H   0x000fbf       data     extern E:\3.46\pic18-lt\cxx-framework\src\traditional\proc\p18f67j60.asm
               ADCON2bits   0x000fc0       data     extern E:\3.46\pic18-lt\cxx-framework\src\traditional\proc\p18f67j60.asm
                   ADCON2   0x000fc0       data     extern E:\3.46\pic18-lt\cxx-framework\src\traditional\proc\p18f67j60.asm
               ADCON1bits   0x000fc1       data     extern E:\3.46\pic18-lt\cxx-framework\src\traditional\proc\p18f67j60.asm
                   ADCON1   0x000fc1       data     extern E:\3.46\pic18-lt\cxx-framework\src\traditional\proc\p18f67j60.asm
               ADCON0bits   0x000fc2       data     extern E:\3.46\pic18-lt\cxx-framework\src\traditional\proc\p18f67j60.asm
                   ADCON0   0x000fc2       data     extern E:\3.46\pic18-lt\cxx-framework\src\traditional\proc\p18f67j60.asm
                   ADRESL   0x000fc3       data     extern E:\3.46\pic18-lt\cxx-framework\src\traditional\proc\p18f67j60.asm
                    ADRES   0x000fc3       data     extern E:\3.46\pic18-lt\cxx-framework\src\traditional\proc\p18f67j60.asm
                   ADRESH   0x000fc4       data     extern E:\3.46\pic18-lt\cxx-framework\src\traditional\proc\p18f67j60.asm
              SSPCON2bits   0x000fc5       data     extern E:\3.46\pic18-lt\cxx-framework\src\traditional\proc\p18f67j60.asm
                  SSPCON2   0x000fc5       data     extern E:\3.46\pic18-lt\cxx-framework\src\traditional\proc\p18f67j60.asm
                 SSP1CON2   0x000fc5       data     extern E:\3.46\pic18-lt\cxx-framework\src\traditional\proc\p18f67j60.asm
             SSP1CON2bits   0x000fc5       data     extern E:\3.46\pic18-lt\cxx-framework\src\traditional\proc\p18f67j60.asm
                 SSP1CON1   0x000fc6       data     extern E:\3.46\pic18-lt\cxx-framework\src\traditional\proc\p18f67j60.asm
             SSP1CON1bits   0x000fc6       data     extern E:\3.46\pic18-lt\cxx-framework\src\traditional\proc\p18f67j60.asm
              SSPCON1bits   0x000fc6       data     extern E:\3.46\pic18-lt\cxx-framework\src\traditional\proc\p18f67j60.asm
                  SSPCON1   0x000fc6       data     extern E:\3.46\pic18-lt\cxx-framework\src\traditional\proc\p18f67j60.asm
                 SSP1STAT   0x000fc7       data     extern E:\3.46\pic18-lt\cxx-framework\src\traditional\proc\p18f67j60.asm
             SSP1STATbits   0x000fc7       data     extern E:\3.46\pic18-lt\cxx-framework\src\traditional\proc\p18f67j60.asm
              SSPSTATbits   0x000fc7       data     extern E:\3.46\pic18-lt\cxx-framework\src\traditional\proc\p18f67j60.asm
                  SSPSTAT   0x000fc7       data     extern E:\3.46\pic18-lt\cxx-framework\src\traditional\proc\p18f67j60.asm
                  SSP1ADD   0x000fc8       data     extern E:\3.46\pic18-lt\cxx-framework\src\traditional\proc\p18f67j60.asm
                   SSPADD   0x000fc8       data     extern E:\3.46\pic18-lt\cxx-framework\src\traditional\proc\p18f67j60.asm
                   SSPBUF   0x000fc9       data     extern E:\3.46\pic18-lt\cxx-framework\src\traditional\proc\p18f67j60.asm
                  SSP1BUF   0x000fc9       data     extern E:\3.46\pic18-lt\cxx-framework\src\traditional\proc\p18f67j60.asm
                T2CONbits   0x000fca       data     extern E:\3.46\pic18-lt\cxx-framework\src\traditional\proc\p18f67j60.asm
                    T2CON   0x000fca       data     extern E:\3.46\pic18-lt\cxx-framework\src\traditional\proc\p18f67j60.asm
                      PR2   0x000fcb       data     extern E:\3.46\pic18-lt\cxx-framework\src\traditional\proc\p18f67j60.asm
                     TMR2   0x000fcc       data     extern E:\3.46\pic18-lt\cxx-framework\src\traditional\proc\p18f67j60.asm
                T1CONbits   0x000fcd       data     extern E:\3.46\pic18-lt\cxx-framework\src\traditional\proc\p18f67j60.asm
                    T1CON   0x000fcd       data     extern E:\3.46\pic18-lt\cxx-framework\src\traditional\proc\p18f67j60.asm
                    TMR1L   0x000fce       data     extern E:\3.46\pic18-lt\cxx-framework\src\traditional\proc\p18f67j60.asm
                    TMR1H   0x000fcf       data     extern E:\3.46\pic18-lt\cxx-framework\src\traditional\proc\p18f67j60.asm
                 RCONbits   0x000fd0       data     extern E:\3.46\pic18-lt\cxx-framework\src\traditional\proc\p18f67j60.asm
                     RCON   0x000fd0       data     extern E:\3.46\pic18-lt\cxx-framework\src\traditional\proc\p18f67j60.asm
               WDTCONbits   0x000fd1       data     extern E:\3.46\pic18-lt\cxx-framework\src\traditional\proc\p18f67j60.asm
                   WDTCON   0x000fd1       data     extern E:\3.46\pic18-lt\cxx-framework\src\traditional\proc\p18f67j60.asm
                ECON1bits   0x000fd2       data     extern E:\3.46\pic18-lt\cxx-framework\src\traditional\proc\p18f67j60.asm
                    ECON1   0x000fd2       data     extern E:\3.46\pic18-lt\cxx-framework\src\traditional\proc\p18f67j60.asm
                   OSCCON   0x000fd3       data     extern E:\3.46\pic18-lt\cxx-framework\src\traditional\proc\p18f67j60.asm
               OSCCONbits   0x000fd3       data     extern E:\3.46\pic18-lt\cxx-framework\src\traditional\proc\p18f67j60.asm
                    T0CON   0x000fd5       data     extern E:\3.46\pic18-lt\cxx-framework\src\traditional\proc\p18f67j60.asm
                T0CONbits   0x000fd5       data     extern E:\3.46\pic18-lt\cxx-framework\src\traditional\proc\p18f67j60.asm
                    TMR0L   0x000fd6       data     extern E:\3.46\pic18-lt\cxx-framework\src\traditional\proc\p18f67j60.asm
                    TMR0H   0x000fd7       data     extern E:\3.46\pic18-lt\cxx-framework\src\traditional\proc\p18f67j60.asm
               STATUSbits   0x000fd8       data     extern E:\3.46\pic18-lt\cxx-framework\src\traditional\proc\p18f67j60.asm
                   STATUS   0x000fd8       data     extern E:\3.46\pic18-lt\cxx-framework\src\traditional\proc\p18f67j60.asm
                     FSR2   0x000fd9       data     extern E:\3.46\pic18-lt\cxx-framework\src\traditional\proc\p18f67j60.asm
                    FSR2L   0x000fd9       data     extern E:\3.46\pic18-lt\cxx-framework\src\traditional\proc\p18f67j60.asm
                    FSR2H   0x000fda       data     extern E:\3.46\pic18-lt\cxx-framework\src\traditional\proc\p18f67j60.asm
                   PLUSW2   0x000fdb       data     extern E:\3.46\pic18-lt\cxx-framework\src\traditional\proc\p18f67j60.asm
                  PREINC2   0x000fdc       data     extern E:\3.46\pic18-lt\cxx-framework\src\traditional\proc\p18f67j60.asm
                 POSTDEC2   0x000fdd       data     extern E:\3.46\pic18-lt\cxx-framework\src\traditional\proc\p18f67j60.asm
                 POSTINC2   0x000fde       data     extern E:\3.46\pic18-lt\cxx-framework\src\traditional\proc\p18f67j60.asm
                    INDF2   0x000fdf       data     extern E:\3.46\pic18-lt\cxx-framework\src\traditional\proc\p18f67j60.asm
                      BSR   0x000fe0       data     extern E:\3.46\pic18-lt\cxx-framework\src\traditional\proc\p18f67j60.asm
                    FSR1L   0x000fe1       data     extern E:\3.46\pic18-lt\cxx-framework\src\traditional\proc\p18f67j60.asm
                     FSR1   0x000fe1       data     extern E:\3.46\pic18-lt\cxx-framework\src\traditional\proc\p18f67j60.asm
                    FSR1H   0x000fe2       data     extern E:\3.46\pic18-lt\cxx-framework\src\traditional\proc\p18f67j60.asm
                   PLUSW1   0x000fe3       data     extern E:\3.46\pic18-lt\cxx-framework\src\traditional\proc\p18f67j60.asm
                  PREINC1   0x000fe4       data     extern E:\3.46\pic18-lt\cxx-framework\src\traditional\proc\p18f67j60.asm
                 POSTDEC1   0x000fe5       data     extern E:\3.46\pic18-lt\cxx-framework\src\traditional\proc\p18f67j60.asm
                 POSTINC1   0x000fe6       data     extern E:\3.46\pic18-lt\cxx-framework\src\traditional\proc\p18f67j60.asm
                    INDF1   0x000fe7       data     extern E:\3.46\pic18-lt\cxx-framework\src\traditional\proc\p18f67j60.asm
                     WREG   0x000fe8       data     extern E:\3.46\pic18-lt\cxx-framework\src\traditional\proc\p18f67j60.asm
                    FSR0L   0x000fe9       data     extern E:\3.46\pic18-lt\cxx-framework\src\traditional\proc\p18f67j60.asm
                     FSR0   0x000fe9       data     extern E:\3.46\pic18-lt\cxx-framework\src\traditional\proc\p18f67j60.asm
                    FSR0H   0x000fea       data     extern E:\3.46\pic18-lt\cxx-framework\src\traditional\proc\p18f67j60.asm
                   PLUSW0   0x000feb       data     extern E:\3.46\pic18-lt\cxx-framework\src\traditional\proc\p18f67j60.asm
                  PREINC0   0x000fec       data     extern E:\3.46\pic18-lt\cxx-framework\src\traditional\proc\p18f67j60.asm
                 POSTDEC0   0x000fed       data     extern E:\3.46\pic18-lt\cxx-framework\src\traditional\proc\p18f67j60.asm
                 POSTINC0   0x000fee       data     extern E:\3.46\pic18-lt\cxx-framework\src\traditional\proc\p18f67j60.asm
                    INDF0   0x000fef       data     extern E:\3.46\pic18-lt\cxx-framework\src\traditional\proc\p18f67j60.asm
                  INTCON3   0x000ff0       data     extern E:\3.46\pic18-lt\cxx-framework\src\traditional\proc\p18f67j60.asm
              INTCON3bits   0x000ff0       data     extern E:\3.46\pic18-lt\cxx-framework\src\traditional\proc\p18f67j60.asm
                  INTCON2   0x000ff1       data     extern E:\3.46\pic18-lt\cxx-framework\src\traditional\proc\p18f67j60.asm
              INTCON2bits   0x000ff1       data     extern E:\3.46\pic18-lt\cxx-framework\src\traditional\proc\p18f67j60.asm
                   INTCON   0x000ff2       data     extern E:\3.46\pic18-lt\cxx-framework\src\traditional\proc\p18f67j60.asm
               INTCONbits   0x000ff2       data     extern E:\3.46\pic18-lt\cxx-framework\src\traditional\proc\p18f67j60.asm
                     PROD   0x000ff3       data     extern E:\3.46\pic18-lt\cxx-framework\src\traditional\proc\p18f67j60.asm
                    PRODL   0x000ff3       data     extern E:\3.46\pic18-lt\cxx-framework\src\traditional\proc\p18f67j60.asm
                    PRODH   0x000ff4       data     extern E:\3.46\pic18-lt\cxx-framework\src\traditional\proc\p18f67j60.asm
                   TABLAT   0x000ff5       data     extern E:\3.46\pic18-lt\cxx-framework\src\traditional\proc\p18f67j60.asm
                   TBLPTR   0x000ff6       data     extern E:\3.46\pic18-lt\cxx-framework\src\traditional\proc\p18f67j60.asm
                  TBLPTRL   0x000ff6       data     extern E:\3.46\pic18-lt\cxx-framework\src\traditional\proc\p18f67j60.asm
                  TBLPTRH   0x000ff7       data     extern E:\3.46\pic18-lt\cxx-framework\src\traditional\proc\p18f67j60.asm
                  TBLPTRU   0x000ff8       data     extern E:\3.46\pic18-lt\cxx-framework\src\traditional\proc\p18f67j60.asm
                      PCL   0x000ff9       data     extern E:\3.46\pic18-lt\cxx-framework\src\traditional\proc\p18f67j60.asm
                       PC   0x000ff9       data     extern E:\3.46\pic18-lt\cxx-framework\src\traditional\proc\p18f67j60.asm
                   PCLATH   0x000ffa       data     extern E:\3.46\pic18-lt\cxx-framework\src\traditional\proc\p18f67j60.asm
                   PCLATU   0x000ffb       data     extern E:\3.46\pic18-lt\cxx-framework\src\traditional\proc\p18f67j60.asm
               STKPTRbits   0x000ffc       data     extern E:\3.46\pic18-lt\cxx-framework\src\traditional\proc\p18f67j60.asm
                   STKPTR   0x000ffc       data     extern E:\3.46\pic18-lt\cxx-framework\src\traditional\proc\p18f67j60.asm
                      TOS   0x000ffd       data     extern E:\3.46\pic18-lt\cxx-framework\src\traditional\proc\p18f67j60.asm
                     TOSL   0x000ffd       data     extern E:\3.46\pic18-lt\cxx-framework\src\traditional\proc\p18f67j60.asm
                     TOSH   0x000ffe       data     extern E:\3.46\pic18-lt\cxx-framework\src\traditional\proc\p18f67j60.asm
                     TOSU   0x000fff       data     extern E:\3.46\pic18-lt\cxx-framework\src\traditional\proc\p18f67j60.asm


